******************************************************************************
            TI ARM Clang Linker PC v3.2.2                      
******************************************************************************
>> Linked Thu Jul 17 15:54:24 2025

OUTPUT FILE NAME:   <1.out>
ENTRY POINT SYMBOL: "_c_int00_noargs"  address: 00004851


MEMORY CONFIGURATION

         name            origin    length      used     unused   attr    fill
----------------------  --------  ---------  --------  --------  ----  --------
  FLASH                 00000000   00020000  00004ed0  0001b130  R  X
  SRAM                  20200000   00008000  00000418  00007be8  RW X
  BCR_CONFIG            41c00000   00000080  00000000  00000080  R   
  BSL_CONFIG            41c00100   00000080  00000000  00000080  R   


SEGMENT ALLOCATION MAP

run origin  load origin   length   init length attrs members
----------  ----------- ---------- ----------- ----- -------
00000000    00000000    00004c28   00004c28    r-x
  00000000    00000000    000000c0   000000c0    r-- .intvecs
  000000c0    000000c0    00004b68   00004b68    r-x .text
00004c30    00004c30    000002a8   000002a8    r--
  00004c30    00004c30    00000260   00000260    r-- .rodata
  00004e90    00004e90    00000048   00000048    r-- .cinit
20200000    20200000    00000218   00000000    rw-
  20200000    20200000    00000134   00000000    rw- .data
  20200134    20200134    000000e4   00000000    rw- .bss
20207e00    20207e00    00000200   00000000    rw-
  20207e00    20207e00    00000200   00000000    rw- .stack


SECTION ALLOCATION MAP

 output                                  attributes/
section   page    origin      length       input sections
--------  ----  ----------  ----------   ----------------
.intvecs   0    00000000    000000c0     
                  00000000    000000c0     startup_mspm0g350x_ticlang.o (.intvecs)

.text      0    000000c0    00004b68     
                  000000c0    00000e28     empty_mspm0g3507.o (.text.main)
                  00000ee8    00000a00     libc.a : _printfi.c.obj (.text:__TI_printfi)
                  000018e8    0000052c     AD9959.o (.text.AD9959_init)
                  00001e14    000002b4     AD9959.o (.text.AD9959_writeDataSlow)
                  000020c8    00000220     libc.a : _printfi.c.obj (.text._pconv_a)
                  000022e8    000001dc            : _printfi.c.obj (.text._pconv_g)
                  000024c4    00000192     libclang_rt.builtins.a : adddf3.S.obj (.text.adddf3_subdf3)
                  00002656    00000002     startup_mspm0g350x_ticlang.o (.text.Default_Handler)
                  00002658    0000015c     AD9959.o (.text.AD9959_writeData)
                  000027b4    0000013c     libc.a : _printfi.c.obj (.text.fcvt)
                  000028f0    00000120            : _printfi.c.obj (.text._pconv_e)
                  00002a10    00000118     UserTask.o (.text.UserTask_init)
                  00002b28    00000110     driverlib.a : dl_timer.o (.text.DL_Timer_initPWMMode)
                  00002c38    0000010c     libclang_rt.builtins.a : divdf3.S.obj (.text.__divdf3)
                  00002d44    000000ec     driverlib.a : dl_sysctl_mspm0g1x0x_g3x0x.o (.text.DL_SYSCTL_configSYSPLL)
                  00002e30    000000e4     libclang_rt.builtins.a : muldf3.S.obj (.text.__muldf3)
                  00002f14    000000e0     empty_mspm0g3507.o (.text.UART3_IRQHandler)
                  00002ff4    000000d8     libc.a : s_scalbn.c.obj (.text.scalbn)
                  000030cc    000000d8     libclang_rt.builtins.a : addsf3.S.obj (.text)
                  000031a4    000000b0     driverlib.a : dl_timer.o (.text.DL_Timer_initCaptureCombinedMode)
                  00003254    000000a4     ti_msp_dl_config.o (.text.SYSCFG_DL_GPIO_init)
                  000032f8    000000a2     libclang_rt.builtins.a : udivmoddi4.S.obj (.text)
                  0000339a    0000009a     libc.a : memcpy16.S.obj (.text:memcpy)
                  00003434    00000096     driverlib.a : dl_timer.o (.text.DL_Timer_getInChanConfig)
                  000034ca    00000002     libclang_rt.builtins.a : aeabi_div0.c.obj (.text.__aeabi_idiv0)
                  000034cc    00000094     DDS.o (.text.DDS_sweep)
                  00003560    0000008c     libclang_rt.builtins.a : mulsf3.S.obj (.text.__mulsf3)
                  000035ec    00000088     ti_msp_dl_config.o (.text.SYSCFG_DL_initPower)
                  00003674    00000082     libclang_rt.builtins.a : divsf3.S.obj (.text.__divsf3)
                  000036f6    00000002                            : aeabi_div0.c.obj (.text.__aeabi_ldiv0)
                  000036f8    00000078     driverlib.a : dl_dac12.o (.text.DL_DAC12_init)
                  00003770    00000078     libc.a : copy_decompress_lzss.c.obj (.text:decompress:lzss)
                  000037e8    00000070     ti_msp_dl_config.o (.text.SYSCFG_DL_UART_0_init)
                  00003858    00000070     ti_msp_dl_config.o (.text.SYSCFG_DL_UART_2_init)
                  000038c8    00000070     ti_msp_dl_config.o (.text.SYSCFG_DL_UART_3_init)
                  00003938    00000070     libclang_rt.builtins.a : comparedf2.c.obj (.text.__gedf2)
                  000039a8    0000006c                            : comparedf2.c.obj (.text.__ledf2)
                  00003a14    00000068     ti_msp_dl_config.o (.text.SYSCFG_DL_SYSCTL_init)
                  00003a7c    00000066     libc.a : _printfi.c.obj (.text._mcpy)
                  00003ae2    00000002     --HOLE-- [fill = 0]
                  00003ae4    00000064     UserTask.o (.text.Test_min)
                  00003b48    00000062     libclang_rt.builtins.a : aeabi_dcmp.S.obj (.text.__aeabi_dcmp)
                  00003baa    00000002     --HOLE-- [fill = 0]
                  00003bac    00000062                            : aeabi_fcmp.S.obj (.text.__aeabi_fcmp)
                  00003c0e    00000062     libc.a : memset16.S.obj (.text:memset)
                  00003c70    0000005c            : s_frexp.c.obj (.text.frexp)
                  00003ccc    00000058     ti_msp_dl_config.o (.text.SYSCFG_DL_PWM_0_init)
                  00003d24    00000058     empty_mspm0g3507.o (.text.TIMG0_IRQHandler)
                  00003d7c    00000058     libc.a : _ltoa.c.obj (.text.__TI_ltoa)
                  00003dd4    00000058            : _printfi.c.obj (.text._pconv_f)
                  00003e2c    00000056     libclang_rt.builtins.a : aeabi_idivmod.S.obj (.text.__aeabi_idivmod)
                  00003e82    00000002     --HOLE-- [fill = 0]
                  00003e84    00000052     driverlib.a : dl_timer.o (.text.DL_Timer_getInChanPairConfig)
                  00003ed6    00000052     libc.a : _printfi.c.obj (.text._ecpy)
                  00003f28    0000004c     driverlib.a : dl_adc12.o (.text.DL_ADC12_setClockConfig)
                  00003f74    0000004c                 : dl_sysctl_mspm0g1x0x_g3x0x.o (.text.DL_SYSCTL_switchMCLKfromSYSOSCtoHSCLK)
                  00003fc0    0000004c                 : dl_uart.o (.text.DL_UART_init)
                  0000400c    0000004c     ti_msp_dl_config.o (.text.SYSCFG_DL_init)
                  00004058    0000004a     libclang_rt.builtins.a : fixdfsi.S.obj (.text.__fixdfsi)
                  000040a2    00000002     --HOLE-- [fill = 0]
                  000040a4    00000048     ti_msp_dl_config.o (.text.SYSCFG_DL_ADC12_1_init)
                  000040ec    00000044     empty_mspm0g3507.o (.text.GROUP1_IRQHandler)
                  00004130    00000040     AD9959.o (.text.AD9959_setFreq)
                  00004170    00000040     driverlib.a : dl_timer.o (.text.DL_Timer_setCaptureCompareOutCtl)
                  000041b0    00000040     libclang_rt.builtins.a : aeabi_uidivmod.S.obj (.text.__aeabi_uidivmod)
                  000041f0    00000040                            : extendsfdf2.S.obj (.text.__extendsfdf2)
                  00004230    00000040     libc.a : atoi.c.obj (.text.atoi)
                  00004270    0000003c     driverlib.a : dl_timer.o (.text.DL_Timer_setCaptureCompareCtl)
                  000042ac    0000003c     ti_msp_dl_config.o (.text.SYSCFG_DL_CAPTURE_0_init)
                  000042e8    0000003c     UserTask.o (.text.UserTask_loop)
                  00004324    0000003c     libclang_rt.builtins.a : floatsisf.S.obj (.text.__floatsisf)
                  00004360    0000003c                            : comparesf2.S.obj (.text.__gtsf2)
                  0000439c    0000003c     libc.a : autoinit.c.obj (.text:__TI_auto_init_nobinit_nopinit)
                  000043d8    0000003a     libclang_rt.builtins.a : comparesf2.S.obj (.text.__eqsf2)
                  00004412    00000002     --HOLE-- [fill = 0]
                  00004414    0000003a                            : muldsi3.S.obj (.text.__muldsi3)
                  0000444e    00000002     --HOLE-- [fill = 0]
                  00004450    00000038                            : fixsfsi.S.obj (.text.__fixsfsi)
                  00004488    00000038     libc.a : sprintf.c.obj (.text.sprintf)
                  000044c0    00000034     driverlib.a : dl_timer.o (.text.DL_Timer_setCaptCompUpdateMethod)
                  000044f4    00000034                 : dl_timer.o (.text.DL_Timer_setCaptureCompareAction)
                  00004528    00000034                 : dl_timer.o (.text.DL_Timer_setCaptureCompareInput)
                  0000455c    00000034                 : dl_timer.o (.text.DL_Timer_setClockConfig)
                  00004590    00000034     ti_msp_dl_config.o (.text.SYSCFG_DL_ADC12_0_init)
                  000045c4    00000032     libclang_rt.builtins.a : fixunssfsi.S.obj (.text.__fixunssfsi)
                  000045f6    00000002     --HOLE-- [fill = 0]
                  000045f8    00000030     driverlib.a : dl_dac12.o (.text.DL_DAC12_configDataFormat)
                  00004628    00000030     ti_msp_dl_config.o (.text.SYSCFG_DL_SYSTICK_init)
                  00004658    00000030     libc.a : _printfi.c.obj (.text._fcpy)
                  00004688    0000002e     AD9959.o (.text.AD9959_setAmp)
                  000046b6    00000002     --HOLE-- [fill = 0]
                  000046b8    0000002c     driverlib.a : dl_timer.o (.text.DL_Timer_setCaptureCompareValue)
                  000046e4    0000002c     libclang_rt.builtins.a : floatsidf.S.obj (.text.__floatsidf)
                  00004710    00000028     driverlib.a : dl_adc12.o (.text.DL_Common_updateReg)
                  00004738    00000028                 : dl_dac12.o (.text.DL_Common_updateReg)
                  00004760    00000028                 : dl_sysctl_mspm0g1x0x_g3x0x.o (.text.DL_Common_updateReg)
                  00004788    00000028                 : dl_timer.o (.text.DL_Common_updateReg)
                  000047b0    00000028                 : dl_uart.o (.text.DL_Common_updateReg)
                  000047d8    00000028                 : dl_timer.o (.text.DL_Timer_getCaptureCompareValue)
                  00004800    00000028     Tick.o (.text.SysTick_Handler)
                  00004828    00000028     libclang_rt.builtins.a : floatunsisf.S.obj (.text.__floatunsisf)
                  00004850    00000028     libc.a : boot_cortex_m.c.obj (.text:_c_int00_noargs)
                  00004878    00000024     AD9959.o (.text.AD9959_setPhase)
                  0000489c    00000024     DDS.o (.text.DDS_initSweep)
                  000048c0    00000024     driverlib.a : dl_uart.o (.text.DL_UART_setClockConfig)
                  000048e4    00000024     ti_msp_dl_config.o (.text.SYSCFG_DL_DAC12_init)
                  00004908    00000024     empty_mspm0g3507.o (.text.UART0_IRQHandler)
                  0000492c    00000024     libclang_rt.builtins.a : floatunsidf.S.obj (.text.__floatunsidf)
                  00004950    00000024                            : muldi3.S.obj (.text.__muldi3)
                  00004974    00000022     libc.a : memccpy.c.obj (.text.memccpy)
                  00004996    00000002     --HOLE-- [fill = 0]
                  00004998    00000020     AD9959.o (.text.AD9959_IOUpdate)
                  000049b8    00000020     driverlib.a : dl_sysctl_mspm0g1x0x_g3x0x.o (.text.DL_CORE_configInstruction)
                  000049d8    00000020                 : dl_timer.o (.text.DL_Timer_setCounterValueAfterEnable)
                  000049f8    00000020     Tick.o (.text.Tick_delay)
                  00004a18    00000020     UserTask.o (.text.delay)
                  00004a38    0000001e     DDS.o (.text.DDS_singleTone)
                  00004a56    00000002     --HOLE-- [fill = 0]
                  00004a58    0000001e     libclang_rt.builtins.a : ashldi3.S.obj (.text.__ashldi3)
                  00004a76    00000002     --HOLE-- [fill = 0]
                  00004a78    00000018     driverlib.a : dl_sysctl_mspm0g1x0x_g3x0x.o (.text.DL_SYSCTL_setHSCLKSource)
                  00004a90    00000018                 : dl_timer.o (.text.DL_Timer_setLoadValue)
                  00004aa8    00000018     libc.a : sprintf.c.obj (.text._outs)
                  00004ac0    00000016     driverlib.a : dl_uart.o (.text.DL_UART_disable)
                  00004ad6    00000016     libc.a : copy_zero_init.c.obj (.text:decompress:ZI:__TI_zero_init_nomemset)
                  00004aec    00000014     driverlib.a : dl_common.o (.text.DL_Common_delayCycles)
                  00004b00    00000014                 : dl_sysctl_mspm0g1x0x_g3x0x.o (.text.DL_SYSCTL_disableSYSPLL)
                  00004b14    00000014                 : dl_timer.o (.text.DL_Timer_setCCPDirection)
                  00004b28    00000014     libclang_rt.builtins.a : aeabi_uldivmod.S.obj (.text.__aeabi_uldivmod)
                  00004b3c    00000014     libc.a : _printfi.c.obj (.text.strchr)
                  00004b50    00000012            : copy_decompress_none.c.obj (.text:decompress:none)
                  00004b62    00000002     --HOLE-- [fill = 0]
                  00004b64    00000010     driverlib.a : dl_sysctl_mspm0g1x0x_g3x0x.o (.text.DL_CORE_getInstructionConfig)
                  00004b74    00000010     UserTask.o (.text.Set_Direct)
                  00004b84    00000010     libc.a : wcslen.c.obj (.text.wcslen)
                  00004b94    0000000e     libclang_rt.builtins.a : aeabi_memset.S.obj (.text.__aeabi_memset)
                  00004ba2    0000000e     libc.a : _printfi.c.obj (.text.strlen)
                  00004bb0    0000000c     driverlib.a : dl_sysctl_mspm0g1x0x_g3x0x.o (.text.DL_SYSCTL_getClockStatus)
                  00004bbc    0000000c     libclang_rt.builtins.a : aeabi_memset.S.obj (.text.__aeabi_memclr)
                  00004bc8    0000000a     libc.a : _printfi.c.obj (.text.OUTLINED_FUNCTION_0)
                  00004bd2    00000002     --HOLE-- [fill = 0]
                  00004bd4    00000010     libclang_rt.builtins.a : adddf3.S.obj (.tramp.__aeabi_dsub.1)
                  00004be4    0000000a     libc.a : _printfi.c.obj (.text.OUTLINED_FUNCTION_1)
                  00004bee    0000000a            : sprintf.c.obj (.text._outc)
                  00004bf8    00000008     DDS.o (.text.DDS_init)
                  00004c00    00000008     DDS.o (.text.DDS_update)
                  00004c08    00000008     libc.a : aeabi_portable.c.obj (.text.__aeabi_errno_addr)
                  00004c10    00000008     libclang_rt.builtins.a : aeabi_memcpy.S.obj (.text.__aeabi_memcpy)
                  00004c18    00000004     startup_mspm0g350x_ticlang.o (.text.Reset_Handler)
                  00004c1c    00000004     libc.a : pre_init.c.obj (.text._system_pre_init)
                  00004c20    00000004            : exit.c.obj (.text:abort)
                  00004c24    00000004     --HOLE-- [fill = 0]

.cinit     0    00004e90    00000048     
                  00004e90    0000001d     (.cinit..data.load) [load image, compression = lzss]
                  00004ead    00000003     --HOLE-- [fill = 0]
                  00004eb0    0000000c     (__TI_handler_table)
                  00004ebc    00000008     (.cinit..bss.load) [load image, compression = zero_init]
                  00004ec4    00000010     (__TI_cinit_table)
                  00004ed4    00000004     --HOLE-- [fill = 0]

.rodata    0    00004c30    00000260     
                  00004c30    00000101     libc.a : aeabi_ctype.S.obj (.rodata:__aeabi_ctype_table_)
                  00004d31    00000003     ti_msp_dl_config.o (.rodata.gCAPTURE_0ClockConfig)
                  00004d34    00000028     ti_msp_dl_config.o (.rodata.gSYSPLLConfig)
                  00004d5c    00000020     ti_msp_dl_config.o (.rodata.gDAC12Config)
                  00004d7c    00000015     empty_mspm0g3507.o (.rodata.str1.156833227963823547441)
                  00004d91    00000015     empty_mspm0g3507.o (.rodata.str1.181942771312927433291)
                  00004da6    00000012     empty_mspm0g3507.o (.rodata.str1.112493468939964150551)
                  00004db8    00000012     empty_mspm0g3507.o (.rodata.str1.64370950003226592081)
                  00004dca    00000011     libc.a : _printfi.c.obj (.rodata.str1.11645776875810915891)
                  00004ddb    00000011            : _printfi.c.obj (.rodata.str1.44690500295887128011)
                  00004dec    00000010     ti_msp_dl_config.o (.rodata.gCAPTURE_0CaptureConfig)
                  00004dfc    00000010     empty_mspm0g3507.o (.rodata.str1.111228983461125939371)
                  00004e0c    00000010     empty_mspm0g3507.o (.rodata.str1.60666121945688809121)
                  00004e1c    0000000d     empty_mspm0g3507.o (.rodata.str1.72103186525765581891)
                  00004e29    0000000d     empty_mspm0g3507.o (.rodata.str1.76645457832911778821)
                  00004e36    0000000a     ti_msp_dl_config.o (.rodata.gUART_0Config)
                  00004e40    0000000a     ti_msp_dl_config.o (.rodata.gUART_2Config)
                  00004e4a    0000000a     ti_msp_dl_config.o (.rodata.gUART_3Config)
                  00004e54    00000009     empty_mspm0g3507.o (.rodata.str1.149872323221509274931)
                  00004e5d    00000009     empty_mspm0g3507.o (.rodata.str1.46818217586041174251)
                  00004e66    00000002     ti_msp_dl_config.o (.rodata.gUART_0ClockConfig)
                  00004e68    00000008     ti_msp_dl_config.o (.rodata.gADC12_0ClockConfig)
                  00004e70    00000008     ti_msp_dl_config.o (.rodata.gADC12_1ClockConfig)
                  00004e78    00000008     ti_msp_dl_config.o (.rodata.gPWM_0Config)
                  00004e80    00000003     ti_msp_dl_config.o (.rodata.gPWM_0ClockConfig)
                  00004e83    00000002     ti_msp_dl_config.o (.rodata.gUART_2ClockConfig)
                  00004e85    00000002     ti_msp_dl_config.o (.rodata.gUART_3ClockConfig)
                  00004e87    00000009     --HOLE-- [fill = 0]

.init_array 
*          0    00000000    00000000     UNINITIALIZED

.binit     0    00000000    00000000     

.data      0    20200000    00000134     UNINITIALIZED
                  20200000    00000064     empty_mspm0g3507.o (.data.adcbuff)
                  20200064    00000054     UserTask.o (.data.Sweep)
                  202000b8    00000020     UserTask.o (.data.SingleTone)
                  202000d8    00000014     empty_mspm0g3507.o (.data.maxval)
                  202000ec    00000014     empty_mspm0g3507.o (.data.minval)
                  20200100    00000004     AD9959.o (.data.ACC_FRE_FACTOR)
                  20200104    00000004     empty_mspm0g3507.o (.data.DelayCount)
                  20200108    00000004     Tick.o (.data.Tick)
                  2020010c    00000004     libc.a : aeabi_portable.c.obj (.data.__aeabi_errno)
                  20200110    00000004     empty_mspm0g3507.o (.data.freq_rec)
                  20200114    00000004     UserTask.o (.data.length)
                  20200118    00000004     empty_mspm0g3507.o (.data.uart_data1)
                  2020011c    00000004     empty_mspm0g3507.o (.data.uart_data)
                  20200120    00000003     AD9959.o (.data.FR1_DATA)
                  20200123    00000001     empty_mspm0g3507.o (.data.buf_index)
                  20200124    00000002     UserTask.o (.data.SweepTick)
                  20200126    00000002     UserTask.o (.data.adc_min)
                  20200128    00000002     UserTask.o (.data.delay_tick)
                  2020012a    00000002     empty_mspm0g3507.o (.data.max)
                  2020012c    00000002     empty_mspm0g3507.o (.data.min)
                  2020012e    00000002     empty_mspm0g3507.o (.data.vpp)
                  20200130    00000001     empty_mspm0g3507.o (.data.buf_index_flag)
                  20200131    00000001     empty_mspm0g3507.o (.data.flag)
                  20200132    00000001     UserTask.o (.data.testfirst_flag)
                  20200133    00000001     empty_mspm0g3507.o (.data.uart0_start)

.bss       0    20200134    000000e4     UNINITIALIZED
                  20200134    00000078     (.common:gPWM_0Backup)
                  202001ac    00000030     (.common:gUART_3Backup)
                  202001dc    00000020     (.common:uart_buffer)
                  202001fc    00000004     empty_mspm0g3507.o (.bss.main.frequency)
                  20200200    00000004     empty_mspm0g3507.o (.bss.main.pwmPeriod)
                  20200204    00000004     (.common:freq_xiezhen)
                  20200208    00000004     (.common:gCaptureCnt)
                  2020020c    00000004     (.common:gLoadValue)
                  20200210    00000002     (.common:adc1)
                  20200212    00000002     (.common:adc_value)
                  20200214    00000002     (.common:adcmin_save)
                  20200216    00000001     (.common:gCheckCaptures)
                  20200217    00000001     (.common:gSynced)

.stack     0    20207e00    00000200     UNINITIALIZED
                  20207e00    00000004     libc.a : boot_cortex_m.c.obj (.stack)
                  20207e04    000001fc     --HOLE--

__llvm_prf_cnts 
*          0    20200000    00000000     UNINITIALIZED

__llvm_prf_bits 
*          0    20200000    00000000     UNINITIALIZED

MODULE SUMMARY

       Module                         code    ro data   rw data
       ------                         ----    -------   -------
    .\
       empty_mspm0g3507.o             4040    154       220    
       startup_mspm0g350x_ticlang.o   6       192       0      
    +--+------------------------------+-------+---------+---------+
       Total:                         4046    346       220    
                                                               
    .\User\
       AD9959.o                       2542    0         7      
       UserTask.o                     488     0         133    
       DDS.o                          230     0         0      
       Tick.o                         72      0         4      
    +--+------------------------------+-------+---------+---------+
       Total:                         3332    0         144    
                                                               
    .\syscfg\
       ti_msp_dl_config.o             1172    154       168    
    +--+------------------------------+-------+---------+---------+
       Total:                         1172    154       168    
                                                               
    C:/ti/mspm0_sdk_2_01_00_03/source/ti/driverlib/lib/ticlang/m0p/mspm0g1x0x_g3x0x/driverlib.a
       dl_timer.o                     1212    0         0      
       dl_sysctl_mspm0g1x0x_g3x0x.o   456     0         0      
       dl_dac12.o                     208     0         0      
       dl_uart.o                      174     0         0      
       dl_adc12.o                     116     0         0      
       dl_common.o                    20      0         0      
    +--+------------------------------+-------+---------+---------+
       Total:                         2186    0         0      
                                                               
    C:\ti\ccs1270\ccs\tools\compiler\ti-cgt-armllvm_3.2.2.LTS\lib\armv6m-ti-none-eabi/c/libc.a
       _printfi.c.obj                 4558    34        0      
       aeabi_ctype.S.obj              0       257       0      
       s_scalbn.c.obj                 216     0         0      
       memcpy16.S.obj                 154     0         0      
       copy_decompress_lzss.c.obj     120     0         0      
       memset16.S.obj                 98      0         0      
       s_frexp.c.obj                  92      0         0      
       sprintf.c.obj                  90      0         0      
       _ltoa.c.obj                    88      0         0      
       atoi.c.obj                     64      0         0      
       autoinit.c.obj                 60      0         0      
       boot_cortex_m.c.obj            40      0         0      
       memccpy.c.obj                  34      0         0      
       copy_zero_init.c.obj           22      0         0      
       copy_decompress_none.c.obj     18      0         0      
       wcslen.c.obj                   16      0         0      
       aeabi_portable.c.obj           8       0         4      
       exit.c.obj                     4       0         0      
       pre_init.c.obj                 4       0         0      
    +--+------------------------------+-------+---------+---------+
       Total:                         5686    291       4      
                                                               
    C:\ti\ccs1270\ccs\tools\compiler\ti-cgt-armllvm_3.2.2.LTS\lib\clang/15.0.7/lib/armv6m-ti-none-eabi/libclang_rt.builtins.a
       adddf3.S.obj                   418     0         0      
       divdf3.S.obj                   268     0         0      
       muldf3.S.obj                   228     0         0      
       comparedf2.c.obj               220     0         0      
       addsf3.S.obj                   216     0         0      
       udivmoddi4.S.obj               162     0         0      
       mulsf3.S.obj                   140     0         0      
       divsf3.S.obj                   130     0         0      
       comparesf2.S.obj               118     0         0      
       aeabi_dcmp.S.obj               98      0         0      
       aeabi_fcmp.S.obj               98      0         0      
       aeabi_idivmod.S.obj            86      0         0      
       fixdfsi.S.obj                  74      0         0      
       aeabi_uidivmod.S.obj           64      0         0      
       extendsfdf2.S.obj              64      0         0      
       floatsisf.S.obj                60      0         0      
       muldsi3.S.obj                  58      0         0      
       fixsfsi.S.obj                  56      0         0      
       fixunssfsi.S.obj               50      0         0      
       floatsidf.S.obj                44      0         0      
       floatunsisf.S.obj              40      0         0      
       floatunsidf.S.obj              36      0         0      
       muldi3.S.obj                   36      0         0      
       ashldi3.S.obj                  30      0         0      
       aeabi_memset.S.obj             26      0         0      
       aeabi_uldivmod.S.obj           20      0         0      
       aeabi_memcpy.S.obj             8       0         0      
       aeabi_div0.c.obj               4       0         0      
    +--+------------------------------+-------+---------+---------+
       Total:                         2852    0         0      
                                                               
       Stack:                         0       0         512    
       Linker Generated:              0       65        0      
    +--+------------------------------+-------+---------+---------+
       Grand Total:                   19274   856       1048   


LINKER GENERATED COPY TABLES

__TI_cinit_table @ 00004ec4 records: 2, size/record: 8, table size: 16
	.data: load addr=00004e90, load size=0000001d bytes, run addr=20200000, run size=00000134 bytes, compression=lzss
	.bss: load addr=00004ebc, load size=00000008 bytes, run addr=20200134, run size=000000e4 bytes, compression=zero_init


LINKER GENERATED HANDLER TABLE

__TI_handler_table @ 00004eb0 records: 3, size/record: 4, table size: 12
	index: 0, handler: __TI_decompress_lzss
	index: 1, handler: __TI_decompress_none
	index: 2, handler: __TI_zero_init


FAR CALL TRAMPOLINES

callee name               trampoline name
   callee addr  tramp addr   call addr  call info
--------------  -----------  ---------  ----------------
__aeabi_dsub              $Tramp$TT$L$PI$$__aeabi_dsub
   000024c5     00004bd4     00004bd0   libc.a : _printfi.c.obj (.text.OUTLINED_FUNCTION_0)

[1 trampolines]
[1 trampoline calls]


GLOBAL SYMBOLS: SORTED ALPHABETICALLY BY Name 

address   name                                 
-------   ----                                 
20200100  ACC_FRE_FACTOR                       
00004999  AD9959_IOUpdate                      
000018e9  AD9959_init                          
00004689  AD9959_setAmp                        
00004131  AD9959_setFreq                       
00004879  AD9959_setPhase                      
00002659  AD9959_writeData                     
00001e15  AD9959_writeDataSlow                 
00002657  ADC0_IRQHandler                      
00002657  ADC1_IRQHandler                      
00002657  AES_IRQHandler                       
00004c20  C$$EXIT                              
00002657  CANFD0_IRQHandler                    
00002657  DAC0_IRQHandler                      
00004bf9  DDS_init                             
0000489d  DDS_initSweep                        
00004a39  DDS_singleTone                       
000034cd  DDS_sweep                            
00004c01  DDS_update                           
00003f29  DL_ADC12_setClockConfig              
00004aed  DL_Common_delayCycles                
000036f9  DL_DAC12_init                        
00002d45  DL_SYSCTL_configSYSPLL               
00003f75  DL_SYSCTL_switchMCLKfromSYSOSCtoHSCLK
000047d9  DL_Timer_getCaptureCompareValue      
000031a5  DL_Timer_initCaptureCombinedMode     
00002b29  DL_Timer_initPWMMode                 
000044c1  DL_Timer_setCaptCompUpdateMethod     
000044f5  DL_Timer_setCaptureCompareAction     
00004271  DL_Timer_setCaptureCompareCtl        
00004529  DL_Timer_setCaptureCompareInput      
00004171  DL_Timer_setCaptureCompareOutCtl     
000046b9  DL_Timer_setCaptureCompareValue      
0000455d  DL_Timer_setClockConfig              
00003fc1  DL_UART_init                         
000048c1  DL_UART_setClockConfig               
00002657  DMA_IRQHandler                       
00002657  Default_Handler                      
20200104  DelayCount                           
20200120  FR1_DATA                             
00002657  GROUP0_IRQHandler                    
000040ed  GROUP1_IRQHandler                    
00002657  HardFault_Handler                    
00002657  I2C0_IRQHandler                      
00002657  I2C1_IRQHandler                      
00002657  NMI_Handler                          
00002657  PendSV_Handler                       
00002657  RTC_IRQHandler                       
00004c19  Reset_Handler                        
00002657  SPI0_IRQHandler                      
00002657  SPI1_IRQHandler                      
00002657  SVC_Handler                          
00004591  SYSCFG_DL_ADC12_0_init               
000040a5  SYSCFG_DL_ADC12_1_init               
000042ad  SYSCFG_DL_CAPTURE_0_init             
000048e5  SYSCFG_DL_DAC12_init                 
00003255  SYSCFG_DL_GPIO_init                  
00003ccd  SYSCFG_DL_PWM_0_init                 
00003a15  SYSCFG_DL_SYSCTL_init                
00004629  SYSCFG_DL_SYSTICK_init               
000037e9  SYSCFG_DL_UART_0_init                
00003859  SYSCFG_DL_UART_2_init                
000038c9  SYSCFG_DL_UART_3_init                
0000400d  SYSCFG_DL_init                       
000035ed  SYSCFG_DL_initPower                  
00004b75  Set_Direct                           
202000b8  SingleTone                           
20200064  Sweep                                
20200124  SweepTick                            
00004801  SysTick_Handler                      
00002657  TIMA0_IRQHandler                     
00002657  TIMA1_IRQHandler                     
00003d25  TIMG0_IRQHandler                     
00002657  TIMG12_IRQHandler                    
00002657  TIMG6_IRQHandler                     
00002657  TIMG7_IRQHandler                     
00002657  TIMG8_IRQHandler                     
00003ae5  Test_min                             
20200108  Tick                                 
000049f9  Tick_delay                           
00004909  UART0_IRQHandler                     
00002657  UART1_IRQHandler                     
00002657  UART2_IRQHandler                     
00002f15  UART3_IRQHandler                     
00002a11  UserTask_init                        
000042e9  UserTask_loop                        
20208000  __STACK_END                          
00000200  __STACK_SIZE                         
00000000  __TI_ATRegion0_region_sz             
00000000  __TI_ATRegion0_src_addr              
00000000  __TI_ATRegion0_trg_addr              
00000000  __TI_ATRegion1_region_sz             
00000000  __TI_ATRegion1_src_addr              
00000000  __TI_ATRegion1_trg_addr              
00000000  __TI_ATRegion2_region_sz             
00000000  __TI_ATRegion2_src_addr              
00000000  __TI_ATRegion2_trg_addr              
00004ec4  __TI_CINIT_Base                      
00004ed4  __TI_CINIT_Limit                     
00004ed4  __TI_CINIT_Warm                      
00004eb0  __TI_Handler_Table_Base              
00004ebc  __TI_Handler_Table_Limit             
0000439d  __TI_auto_init_nobinit_nopinit       
00003771  __TI_decompress_lzss                 
00004b51  __TI_decompress_none                 
00003d7d  __TI_ltoa                            
ffffffff  __TI_pprof_out_hndl                  
00000ee9  __TI_printfi                         
ffffffff  __TI_prof_data_size                  
ffffffff  __TI_prof_data_start                 
00000000  __TI_static_base__                   
00004ad7  __TI_zero_init_nomemset              
000024cf  __adddf3                             
000030d7  __addsf3                             
00004c30  __aeabi_ctype_table_                 
00004c30  __aeabi_ctype_table_C                
00004059  __aeabi_d2iz                         
000024cf  __aeabi_dadd                         
00003b49  __aeabi_dcmpeq                       
00003b85  __aeabi_dcmpge                       
00003b99  __aeabi_dcmpgt                       
00003b71  __aeabi_dcmple                       
00003b5d  __aeabi_dcmplt                       
00002c39  __aeabi_ddiv                         
00002e31  __aeabi_dmul                         
000024c5  __aeabi_dsub                         
2020010c  __aeabi_errno                        
00004c09  __aeabi_errno_addr                   
000041f1  __aeabi_f2d                          
00004451  __aeabi_f2iz                         
000045c5  __aeabi_f2uiz                        
000030d7  __aeabi_fadd                         
00003bad  __aeabi_fcmpeq                       
00003be9  __aeabi_fcmpge                       
00003bfd  __aeabi_fcmpgt                       
00003bd5  __aeabi_fcmple                       
00003bc1  __aeabi_fcmplt                       
00003675  __aeabi_fdiv                         
00003561  __aeabi_fmul                         
000030cd  __aeabi_fsub                         
000046e5  __aeabi_i2d                          
00004325  __aeabi_i2f                          
00003e2d  __aeabi_idiv                         
000034cb  __aeabi_idiv0                        
00003e2d  __aeabi_idivmod                      
000036f7  __aeabi_ldiv0                        
00004a59  __aeabi_llsl                         
00004951  __aeabi_lmul                         
00004bbd  __aeabi_memclr                       
00004bbd  __aeabi_memclr4                      
00004bbd  __aeabi_memclr8                      
00004c11  __aeabi_memcpy                       
00004c11  __aeabi_memcpy4                      
00004c11  __aeabi_memcpy8                      
00004b95  __aeabi_memset                       
00004b95  __aeabi_memset4                      
00004b95  __aeabi_memset8                      
0000492d  __aeabi_ui2d                         
00004829  __aeabi_ui2f                         
000041b1  __aeabi_uidiv                        
000041b1  __aeabi_uidivmod                     
00004b29  __aeabi_uldivmod                     
00004a59  __ashldi3                            
ffffffff  __binit__                            
000039a9  __cmpdf2                             
000043d9  __cmpsf2                             
00002c39  __divdf3                             
00003675  __divsf3                             
000039a9  __eqdf2                              
000043d9  __eqsf2                              
000041f1  __extendsfdf2                        
00004059  __fixdfsi                            
00004451  __fixsfsi                            
000045c5  __fixunssfsi                         
000046e5  __floatsidf                          
00004325  __floatsisf                          
0000492d  __floatunsidf                        
00004829  __floatunsisf                        
00003939  __gedf2                              
00004361  __gesf2                              
00003939  __gtdf2                              
00004361  __gtsf2                              
000039a9  __ledf2                              
000043d9  __lesf2                              
000039a9  __ltdf2                              
000043d9  __ltsf2                              
UNDEFED   __mpu_init                           
00002e31  __muldf3                             
00004951  __muldi3                             
00004415  __muldsi3                            
00003561  __mulsf3                             
000039a9  __nedf2                              
000043d9  __nesf2                              
20207e00  __stack                              
20200000  __start___llvm_prf_bits              
20200000  __start___llvm_prf_cnts              
20200000  __stop___llvm_prf_bits               
20200000  __stop___llvm_prf_cnts               
000024c5  __subdf3                             
000030cd  __subsf3                             
000032f9  __udivmoddi4                         
00004851  _c_int00_noargs                      
UNDEFED   _system_post_cinit                   
00004c1d  _system_pre_init                     
00004c21  abort                                
20200210  adc1                                 
20200126  adc_min                              
20200212  adc_value                            
20200000  adcbuff                              
20200214  adcmin_save                          
00004231  atoi                                 
ffffffff  binit                                
20200123  buf_index                            
20200130  buf_index_flag                       
00004a19  delay                                
20200128  delay_tick                           
20200131  flag                                 
20200110  freq_rec                             
20200204  freq_xiezhen                         
00003c71  frexp                                
00003c71  frexpl                               
20200208  gCaptureCnt                          
20200216  gCheckCaptures                       
2020020c  gLoadValue                           
20200134  gPWM_0Backup                         
20200217  gSynced                              
202001ac  gUART_3Backup                        
00000000  interruptVectors                     
00002ff5  ldexp                                
00002ff5  ldexpl                               
20200114  length                               
000000c1  main                                 
2020012a  max                                  
202000d8  maxval                               
00004975  memccpy                              
0000339b  memcpy                               
00003c0f  memset                               
2020012c  min                                  
202000ec  minval                               
00002ff5  scalbn                               
00002ff5  scalbnl                              
00004489  sprintf                              
20200132  testfirst_flag                       
20200133  uart0_start                          
202001dc  uart_buffer                          
2020011c  uart_data                            
20200118  uart_data1                           
2020012e  vpp                                  
00004b85  wcslen                               


GLOBAL SYMBOLS: SORTED BY Symbol Address 

address   name                                 
-------   ----                                 
00000000  __TI_ATRegion0_region_sz             
00000000  __TI_ATRegion0_src_addr              
00000000  __TI_ATRegion0_trg_addr              
00000000  __TI_ATRegion1_region_sz             
00000000  __TI_ATRegion1_src_addr              
00000000  __TI_ATRegion1_trg_addr              
00000000  __TI_ATRegion2_region_sz             
00000000  __TI_ATRegion2_src_addr              
00000000  __TI_ATRegion2_trg_addr              
00000000  __TI_static_base__                   
00000000  interruptVectors                     
000000c1  main                                 
00000200  __STACK_SIZE                         
00000ee9  __TI_printfi                         
000018e9  AD9959_init                          
00001e15  AD9959_writeDataSlow                 
000024c5  __aeabi_dsub                         
000024c5  __subdf3                             
000024cf  __adddf3                             
000024cf  __aeabi_dadd                         
00002657  ADC0_IRQHandler                      
00002657  ADC1_IRQHandler                      
00002657  AES_IRQHandler                       
00002657  CANFD0_IRQHandler                    
00002657  DAC0_IRQHandler                      
00002657  DMA_IRQHandler                       
00002657  Default_Handler                      
00002657  GROUP0_IRQHandler                    
00002657  HardFault_Handler                    
00002657  I2C0_IRQHandler                      
00002657  I2C1_IRQHandler                      
00002657  NMI_Handler                          
00002657  PendSV_Handler                       
00002657  RTC_IRQHandler                       
00002657  SPI0_IRQHandler                      
00002657  SPI1_IRQHandler                      
00002657  SVC_Handler                          
00002657  TIMA0_IRQHandler                     
00002657  TIMA1_IRQHandler                     
00002657  TIMG12_IRQHandler                    
00002657  TIMG6_IRQHandler                     
00002657  TIMG7_IRQHandler                     
00002657  TIMG8_IRQHandler                     
00002657  UART1_IRQHandler                     
00002657  UART2_IRQHandler                     
00002659  AD9959_writeData                     
00002a11  UserTask_init                        
00002b29  DL_Timer_initPWMMode                 
00002c39  __aeabi_ddiv                         
00002c39  __divdf3                             
00002d45  DL_SYSCTL_configSYSPLL               
00002e31  __aeabi_dmul                         
00002e31  __muldf3                             
00002f15  UART3_IRQHandler                     
00002ff5  ldexp                                
00002ff5  ldexpl                               
00002ff5  scalbn                               
00002ff5  scalbnl                              
000030cd  __aeabi_fsub                         
000030cd  __subsf3                             
000030d7  __addsf3                             
000030d7  __aeabi_fadd                         
000031a5  DL_Timer_initCaptureCombinedMode     
00003255  SYSCFG_DL_GPIO_init                  
000032f9  __udivmoddi4                         
0000339b  memcpy                               
000034cb  __aeabi_idiv0                        
000034cd  DDS_sweep                            
00003561  __aeabi_fmul                         
00003561  __mulsf3                             
000035ed  SYSCFG_DL_initPower                  
00003675  __aeabi_fdiv                         
00003675  __divsf3                             
000036f7  __aeabi_ldiv0                        
000036f9  DL_DAC12_init                        
00003771  __TI_decompress_lzss                 
000037e9  SYSCFG_DL_UART_0_init                
00003859  SYSCFG_DL_UART_2_init                
000038c9  SYSCFG_DL_UART_3_init                
00003939  __gedf2                              
00003939  __gtdf2                              
000039a9  __cmpdf2                             
000039a9  __eqdf2                              
000039a9  __ledf2                              
000039a9  __ltdf2                              
000039a9  __nedf2                              
00003a15  SYSCFG_DL_SYSCTL_init                
00003ae5  Test_min                             
00003b49  __aeabi_dcmpeq                       
00003b5d  __aeabi_dcmplt                       
00003b71  __aeabi_dcmple                       
00003b85  __aeabi_dcmpge                       
00003b99  __aeabi_dcmpgt                       
00003bad  __aeabi_fcmpeq                       
00003bc1  __aeabi_fcmplt                       
00003bd5  __aeabi_fcmple                       
00003be9  __aeabi_fcmpge                       
00003bfd  __aeabi_fcmpgt                       
00003c0f  memset                               
00003c71  frexp                                
00003c71  frexpl                               
00003ccd  SYSCFG_DL_PWM_0_init                 
00003d25  TIMG0_IRQHandler                     
00003d7d  __TI_ltoa                            
00003e2d  __aeabi_idiv                         
00003e2d  __aeabi_idivmod                      
00003f29  DL_ADC12_setClockConfig              
00003f75  DL_SYSCTL_switchMCLKfromSYSOSCtoHSCLK
00003fc1  DL_UART_init                         
0000400d  SYSCFG_DL_init                       
00004059  __aeabi_d2iz                         
00004059  __fixdfsi                            
000040a5  SYSCFG_DL_ADC12_1_init               
000040ed  GROUP1_IRQHandler                    
00004131  AD9959_setFreq                       
00004171  DL_Timer_setCaptureCompareOutCtl     
000041b1  __aeabi_uidiv                        
000041b1  __aeabi_uidivmod                     
000041f1  __aeabi_f2d                          
000041f1  __extendsfdf2                        
00004231  atoi                                 
00004271  DL_Timer_setCaptureCompareCtl        
000042ad  SYSCFG_DL_CAPTURE_0_init             
000042e9  UserTask_loop                        
00004325  __aeabi_i2f                          
00004325  __floatsisf                          
00004361  __gesf2                              
00004361  __gtsf2                              
0000439d  __TI_auto_init_nobinit_nopinit       
000043d9  __cmpsf2                             
000043d9  __eqsf2                              
000043d9  __lesf2                              
000043d9  __ltsf2                              
000043d9  __nesf2                              
00004415  __muldsi3                            
00004451  __aeabi_f2iz                         
00004451  __fixsfsi                            
00004489  sprintf                              
000044c1  DL_Timer_setCaptCompUpdateMethod     
000044f5  DL_Timer_setCaptureCompareAction     
00004529  DL_Timer_setCaptureCompareInput      
0000455d  DL_Timer_setClockConfig              
00004591  SYSCFG_DL_ADC12_0_init               
000045c5  __aeabi_f2uiz                        
000045c5  __fixunssfsi                         
00004629  SYSCFG_DL_SYSTICK_init               
00004689  AD9959_setAmp                        
000046b9  DL_Timer_setCaptureCompareValue      
000046e5  __aeabi_i2d                          
000046e5  __floatsidf                          
000047d9  DL_Timer_getCaptureCompareValue      
00004801  SysTick_Handler                      
00004829  __aeabi_ui2f                         
00004829  __floatunsisf                        
00004851  _c_int00_noargs                      
00004879  AD9959_setPhase                      
0000489d  DDS_initSweep                        
000048c1  DL_UART_setClockConfig               
000048e5  SYSCFG_DL_DAC12_init                 
00004909  UART0_IRQHandler                     
0000492d  __aeabi_ui2d                         
0000492d  __floatunsidf                        
00004951  __aeabi_lmul                         
00004951  __muldi3                             
00004975  memccpy                              
00004999  AD9959_IOUpdate                      
000049f9  Tick_delay                           
00004a19  delay                                
00004a39  DDS_singleTone                       
00004a59  __aeabi_llsl                         
00004a59  __ashldi3                            
00004ad7  __TI_zero_init_nomemset              
00004aed  DL_Common_delayCycles                
00004b29  __aeabi_uldivmod                     
00004b51  __TI_decompress_none                 
00004b75  Set_Direct                           
00004b85  wcslen                               
00004b95  __aeabi_memset                       
00004b95  __aeabi_memset4                      
00004b95  __aeabi_memset8                      
00004bbd  __aeabi_memclr                       
00004bbd  __aeabi_memclr4                      
00004bbd  __aeabi_memclr8                      
00004bf9  DDS_init                             
00004c01  DDS_update                           
00004c09  __aeabi_errno_addr                   
00004c11  __aeabi_memcpy                       
00004c11  __aeabi_memcpy4                      
00004c11  __aeabi_memcpy8                      
00004c19  Reset_Handler                        
00004c1d  _system_pre_init                     
00004c20  C$$EXIT                              
00004c21  abort                                
00004c30  __aeabi_ctype_table_                 
00004c30  __aeabi_ctype_table_C                
00004eb0  __TI_Handler_Table_Base              
00004ebc  __TI_Handler_Table_Limit             
00004ec4  __TI_CINIT_Base                      
00004ed4  __TI_CINIT_Limit                     
00004ed4  __TI_CINIT_Warm                      
20200000  __start___llvm_prf_bits              
20200000  __start___llvm_prf_cnts              
20200000  __stop___llvm_prf_bits               
20200000  __stop___llvm_prf_cnts               
20200000  adcbuff                              
20200064  Sweep                                
202000b8  SingleTone                           
202000d8  maxval                               
202000ec  minval                               
20200100  ACC_FRE_FACTOR                       
20200104  DelayCount                           
20200108  Tick                                 
2020010c  __aeabi_errno                        
20200110  freq_rec                             
20200114  length                               
20200118  uart_data1                           
2020011c  uart_data                            
20200120  FR1_DATA                             
20200123  buf_index                            
20200124  SweepTick                            
20200126  adc_min                              
20200128  delay_tick                           
2020012a  max                                  
2020012c  min                                  
2020012e  vpp                                  
20200130  buf_index_flag                       
20200131  flag                                 
20200132  testfirst_flag                       
20200133  uart0_start                          
20200134  gPWM_0Backup                         
202001ac  gUART_3Backup                        
202001dc  uart_buffer                          
20200204  freq_xiezhen                         
20200208  gCaptureCnt                          
2020020c  gLoadValue                           
20200210  adc1                                 
20200212  adc_value                            
20200214  adcmin_save                          
20200216  gCheckCaptures                       
20200217  gSynced                              
20207e00  __stack                              
20208000  __STACK_END                          
ffffffff  __TI_pprof_out_hndl                  
ffffffff  __TI_prof_data_size                  
ffffffff  __TI_prof_data_start                 
ffffffff  __binit__                            
ffffffff  binit                                
UNDEFED   __mpu_init                           
UNDEFED   _system_post_cinit                   

[249 symbols]
