<?xml version="1.0" encoding="ISO-8859-1" ?>
<link_info>
   <banner>TI ARM Clang Linker PC v3.2.2.LTS</banner>
   <copyright>Copyright (c) 1996-2018 Texas Instruments Incorporated</copyright>
   <link_time>0x68888637</link_time>
   <link_errors>0x0</link_errors>
   <output_file>D:\ccs\work_place\3\Debug\3.out</output_file>
   <entry_point>
      <name>_c_int00_noargs</name>
      <address>0x6529</address>
   </entry_point>
   <input_file_list>
      <input_file id="fl-1">
         <path>D:\ccs\work_place\3\Debug\.\</path>
         <kind>object</kind>
         <file>empty_mspm0g3507.o</file>
         <name>empty_mspm0g3507.o</name>
      </input_file>
      <input_file id="fl-2">
         <path>D:\ccs\work_place\3\Debug\.\syscfg\</path>
         <kind>object</kind>
         <file>ti_msp_dl_config.o</file>
         <name>ti_msp_dl_config.o</name>
      </input_file>
      <input_file id="fl-3">
         <path>D:\ccs\work_place\3\Debug\.\</path>
         <kind>object</kind>
         <file>startup_mspm0g350x_ticlang.o</file>
         <name>startup_mspm0g350x_ticlang.o</name>
      </input_file>
      <input_file id="fl-4">
         <path>D:\ccs\work_place\3\Debug\.\User\</path>
         <kind>object</kind>
         <file>AD9959.o</file>
         <name>AD9959.o</name>
      </input_file>
      <input_file id="fl-5">
         <path>D:\ccs\work_place\3\Debug\.\User\</path>
         <kind>object</kind>
         <file>DDS.o</file>
         <name>DDS.o</name>
      </input_file>
      <input_file id="fl-6">
         <path>D:\ccs\work_place\3\Debug\.\User\</path>
         <kind>object</kind>
         <file>Tick.o</file>
         <name>Tick.o</name>
      </input_file>
      <input_file id="fl-7">
         <path>D:\ccs\work_place\3\Debug\.\User\</path>
         <kind>object</kind>
         <file>UserTask.o</file>
         <name>UserTask.o</name>
      </input_file>
      <input_file id="fl-14">
         <path>D:\ccs\work_place\3\Debug\</path>
         <kind>object</kind>
         <file>&lt;internal&gt;</file>
         <name>&lt;internal&gt;</name>
      </input_file>
      <input_file id="fl-15">
         <path>C:\ti\mspm0_sdk_2_01_00_03\source\ti\driverlib\lib\ticlang\m0p\mspm0g1x0x_g3x0x\</path>
         <kind>archive</kind>
         <file>driverlib.a</file>
         <name>dl_adc12.o</name>
      </input_file>
      <input_file id="fl-16">
         <path>C:\ti\mspm0_sdk_2_01_00_03\source\ti\driverlib\lib\ticlang\m0p\mspm0g1x0x_g3x0x\</path>
         <kind>archive</kind>
         <file>driverlib.a</file>
         <name>dl_common.o</name>
      </input_file>
      <input_file id="fl-17">
         <path>C:\ti\mspm0_sdk_2_01_00_03\source\ti\driverlib\lib\ticlang\m0p\mspm0g1x0x_g3x0x\</path>
         <kind>archive</kind>
         <file>driverlib.a</file>
         <name>dl_timer.o</name>
      </input_file>
      <input_file id="fl-18">
         <path>C:\ti\mspm0_sdk_2_01_00_03\source\ti\driverlib\lib\ticlang\m0p\mspm0g1x0x_g3x0x\</path>
         <kind>archive</kind>
         <file>driverlib.a</file>
         <name>dl_uart.o</name>
      </input_file>
      <input_file id="fl-19">
         <path>C:\ti\mspm0_sdk_2_01_00_03\source\ti\driverlib\lib\ticlang\m0p\mspm0g1x0x_g3x0x\</path>
         <kind>archive</kind>
         <file>driverlib.a</file>
         <name>dl_sysctl_mspm0g1x0x_g3x0x.o</name>
      </input_file>
      <input_file id="fl-28">
         <path>C:\ti\ccs1270\ccs\tools\compiler\ti-cgt-armllvm_3.2.2.LTS\lib\armv6m-ti-none-eabi\c\</path>
         <kind>archive</kind>
         <file>libc.a</file>
         <name>sprintf.c.obj</name>
      </input_file>
      <input_file id="fl-29">
         <path>C:\ti\ccs1270\ccs\tools\compiler\ti-cgt-armllvm_3.2.2.LTS\lib\armv6m-ti-none-eabi\c\</path>
         <kind>archive</kind>
         <file>libc.a</file>
         <name>e_logf.c.obj</name>
      </input_file>
      <input_file id="fl-2a">
         <path>C:\ti\ccs1270\ccs\tools\compiler\ti-cgt-armllvm_3.2.2.LTS\lib\armv6m-ti-none-eabi\c\</path>
         <kind>archive</kind>
         <file>libc.a</file>
         <name>aeabi_portable.c.obj</name>
      </input_file>
      <input_file id="fl-2b">
         <path>C:\ti\ccs1270\ccs\tools\compiler\ti-cgt-armllvm_3.2.2.LTS\lib\armv6m-ti-none-eabi\c\</path>
         <kind>archive</kind>
         <file>libc.a</file>
         <name>assert.c.obj</name>
      </input_file>
      <input_file id="fl-2c">
         <path>C:\ti\ccs1270\ccs\tools\compiler\ti-cgt-armllvm_3.2.2.LTS\lib\armv6m-ti-none-eabi\c\</path>
         <kind>archive</kind>
         <file>libc.a</file>
         <name>defs.c.obj</name>
      </input_file>
      <input_file id="fl-2d">
         <path>C:\ti\ccs1270\ccs\tools\compiler\ti-cgt-armllvm_3.2.2.LTS\lib\armv6m-ti-none-eabi\c\</path>
         <kind>archive</kind>
         <file>libc.a</file>
         <name>memory.c.obj</name>
      </input_file>
      <input_file id="fl-2e">
         <path>C:\ti\ccs1270\ccs\tools\compiler\ti-cgt-armllvm_3.2.2.LTS\lib\armv6m-ti-none-eabi\c\</path>
         <kind>archive</kind>
         <file>libc.a</file>
         <name>boot_cortex_m.c.obj</name>
      </input_file>
      <input_file id="fl-2f">
         <path>C:\ti\ccs1270\ccs\tools\compiler\ti-cgt-armllvm_3.2.2.LTS\lib\armv6m-ti-none-eabi\c\</path>
         <kind>archive</kind>
         <file>libc.a</file>
         <name>mathacl_init.c.obj</name>
      </input_file>
      <input_file id="fl-30">
         <path>C:\ti\ccs1270\ccs\tools\compiler\ti-cgt-armllvm_3.2.2.LTS\lib\armv6m-ti-none-eabi\c\</path>
         <kind>archive</kind>
         <file>libc.a</file>
         <name>autoinit.c.obj</name>
      </input_file>
      <input_file id="fl-31">
         <path>C:\ti\ccs1270\ccs\tools\compiler\ti-cgt-armllvm_3.2.2.LTS\lib\armv6m-ti-none-eabi\c\</path>
         <kind>archive</kind>
         <file>libc.a</file>
         <name>pre_init.c.obj</name>
      </input_file>
      <input_file id="fl-32">
         <path>C:\ti\ccs1270\ccs\tools\compiler\ti-cgt-armllvm_3.2.2.LTS\lib\armv6m-ti-none-eabi\c\</path>
         <kind>archive</kind>
         <file>libc.a</file>
         <name>cpy_tbl.c.obj</name>
      </input_file>
      <input_file id="fl-33">
         <path>C:\ti\ccs1270\ccs\tools\compiler\ti-cgt-armllvm_3.2.2.LTS\lib\armv6m-ti-none-eabi\c\</path>
         <kind>archive</kind>
         <file>libc.a</file>
         <name>copy_zero_init.c.obj</name>
      </input_file>
      <input_file id="fl-34">
         <path>C:\ti\ccs1270\ccs\tools\compiler\ti-cgt-armllvm_3.2.2.LTS\lib\armv6m-ti-none-eabi\c\</path>
         <kind>archive</kind>
         <file>libc.a</file>
         <name>copy_decompress_none.c.obj</name>
      </input_file>
      <input_file id="fl-35">
         <path>C:\ti\ccs1270\ccs\tools\compiler\ti-cgt-armllvm_3.2.2.LTS\lib\armv6m-ti-none-eabi\c\</path>
         <kind>archive</kind>
         <file>libc.a</file>
         <name>copy_decompress_lzss.c.obj</name>
      </input_file>
      <input_file id="fl-36">
         <path>C:\ti\ccs1270\ccs\tools\compiler\ti-cgt-armllvm_3.2.2.LTS\lib\armv6m-ti-none-eabi\c\</path>
         <kind>archive</kind>
         <file>libc.a</file>
         <name>_printfi.c.obj</name>
      </input_file>
      <input_file id="fl-37">
         <path>C:\ti\ccs1270\ccs\tools\compiler\ti-cgt-armllvm_3.2.2.LTS\lib\armv6m-ti-none-eabi\c\</path>
         <kind>archive</kind>
         <file>libc.a</file>
         <name>fflush.c.obj</name>
      </input_file>
      <input_file id="fl-38">
         <path>C:\ti\ccs1270\ccs\tools\compiler\ti-cgt-armllvm_3.2.2.LTS\lib\armv6m-ti-none-eabi\c\</path>
         <kind>archive</kind>
         <file>libc.a</file>
         <name>fputs.c.obj</name>
      </input_file>
      <input_file id="fl-39">
         <path>C:\ti\ccs1270\ccs\tools\compiler\ti-cgt-armllvm_3.2.2.LTS\lib\armv6m-ti-none-eabi\c\</path>
         <kind>archive</kind>
         <file>libc.a</file>
         <name>_io_perm.c.obj</name>
      </input_file>
      <input_file id="fl-3a">
         <path>C:\ti\ccs1270\ccs\tools\compiler\ti-cgt-armllvm_3.2.2.LTS\lib\armv6m-ti-none-eabi\c\</path>
         <kind>archive</kind>
         <file>libc.a</file>
         <name>setvbuf.c.obj</name>
      </input_file>
      <input_file id="fl-3b">
         <path>C:\ti\ccs1270\ccs\tools\compiler\ti-cgt-armllvm_3.2.2.LTS\lib\armv6m-ti-none-eabi\c\</path>
         <kind>archive</kind>
         <file>libc.a</file>
         <name>s_frexp.c.obj</name>
      </input_file>
      <input_file id="fl-3c">
         <path>C:\ti\ccs1270\ccs\tools\compiler\ti-cgt-armllvm_3.2.2.LTS\lib\armv6m-ti-none-eabi\c\</path>
         <kind>archive</kind>
         <file>libc.a</file>
         <name>s_scalbn.c.obj</name>
      </input_file>
      <input_file id="fl-3d">
         <path>C:\ti\ccs1270\ccs\tools\compiler\ti-cgt-armllvm_3.2.2.LTS\lib\armv6m-ti-none-eabi\c\</path>
         <kind>archive</kind>
         <file>libc.a</file>
         <name>exit.c.obj</name>
      </input_file>
      <input_file id="fl-3e">
         <path>C:\ti\ccs1270\ccs\tools\compiler\ti-cgt-armllvm_3.2.2.LTS\lib\armv6m-ti-none-eabi\c\</path>
         <kind>archive</kind>
         <file>libc.a</file>
         <name>_lock.c.obj</name>
      </input_file>
      <input_file id="fl-3f">
         <path>C:\ti\ccs1270\ccs\tools\compiler\ti-cgt-armllvm_3.2.2.LTS\lib\armv6m-ti-none-eabi\c\</path>
         <kind>archive</kind>
         <file>libc.a</file>
         <name>_ltoa.c.obj</name>
      </input_file>
      <input_file id="fl-40">
         <path>C:\ti\ccs1270\ccs\tools\compiler\ti-cgt-armllvm_3.2.2.LTS\lib\armv6m-ti-none-eabi\c\</path>
         <kind>archive</kind>
         <file>libc.a</file>
         <name>args_main.c.obj</name>
      </input_file>
      <input_file id="fl-41">
         <path>C:\ti\ccs1270\ccs\tools\compiler\ti-cgt-armllvm_3.2.2.LTS\lib\armv6m-ti-none-eabi\c\</path>
         <kind>archive</kind>
         <file>libc.a</file>
         <name>atoi.c.obj</name>
      </input_file>
      <input_file id="fl-42">
         <path>C:\ti\ccs1270\ccs\tools\compiler\ti-cgt-armllvm_3.2.2.LTS\lib\armv6m-ti-none-eabi\c\</path>
         <kind>archive</kind>
         <file>libc.a</file>
         <name>memccpy.c.obj</name>
      </input_file>
      <input_file id="fl-43">
         <path>C:\ti\ccs1270\ccs\tools\compiler\ti-cgt-armllvm_3.2.2.LTS\lib\armv6m-ti-none-eabi\c\</path>
         <kind>archive</kind>
         <file>libc.a</file>
         <name>wcslen.c.obj</name>
      </input_file>
      <input_file id="fl-44">
         <path>C:\ti\ccs1270\ccs\tools\compiler\ti-cgt-armllvm_3.2.2.LTS\lib\armv6m-ti-none-eabi\c\</path>
         <kind>archive</kind>
         <file>libc.a</file>
         <name>fopen.c.obj</name>
      </input_file>
      <input_file id="fl-45">
         <path>C:\ti\ccs1270\ccs\tools\compiler\ti-cgt-armllvm_3.2.2.LTS\lib\armv6m-ti-none-eabi\c\</path>
         <kind>archive</kind>
         <file>libc.a</file>
         <name>fseek.c.obj</name>
      </input_file>
      <input_file id="fl-46">
         <path>C:\ti\ccs1270\ccs\tools\compiler\ti-cgt-armllvm_3.2.2.LTS\lib\armv6m-ti-none-eabi\c\</path>
         <kind>archive</kind>
         <file>libc.a</file>
         <name>aeabi_ctype.S.obj</name>
      </input_file>
      <input_file id="fl-47">
         <path>C:\ti\ccs1270\ccs\tools\compiler\ti-cgt-armllvm_3.2.2.LTS\lib\armv6m-ti-none-eabi\c\</path>
         <kind>archive</kind>
         <file>libc.a</file>
         <name>fclose.c.obj</name>
      </input_file>
      <input_file id="fl-ad">
         <path>C:\ti\ccs1270\ccs\tools\compiler\ti-cgt-armllvm_3.2.2.LTS\lib\armv6m-ti-none-eabi\c\</path>
         <kind>archive</kind>
         <file>libsysbm.a</file>
         <name>write.c.obj</name>
      </input_file>
      <input_file id="fl-ae">
         <path>C:\ti\ccs1270\ccs\tools\compiler\ti-cgt-armllvm_3.2.2.LTS\lib\armv6m-ti-none-eabi\c\</path>
         <kind>archive</kind>
         <file>libsysbm.a</file>
         <name>host_device.c.obj</name>
      </input_file>
      <input_file id="fl-af">
         <path>C:\ti\ccs1270\ccs\tools\compiler\ti-cgt-armllvm_3.2.2.LTS\lib\armv6m-ti-none-eabi\c\</path>
         <kind>archive</kind>
         <file>libsysbm.a</file>
         <name>remove.c.obj</name>
      </input_file>
      <input_file id="fl-b0">
         <path>C:\ti\ccs1270\ccs\tools\compiler\ti-cgt-armllvm_3.2.2.LTS\lib\armv6m-ti-none-eabi\c\</path>
         <kind>archive</kind>
         <file>libsysbm.a</file>
         <name>open.c.obj</name>
      </input_file>
      <input_file id="fl-b1">
         <path>C:\ti\ccs1270\ccs\tools\compiler\ti-cgt-armllvm_3.2.2.LTS\lib\armv6m-ti-none-eabi\c\</path>
         <kind>archive</kind>
         <file>libsysbm.a</file>
         <name>lseek.c.obj</name>
      </input_file>
      <input_file id="fl-b2">
         <path>C:\ti\ccs1270\ccs\tools\compiler\ti-cgt-armllvm_3.2.2.LTS\lib\armv6m-ti-none-eabi\c\</path>
         <kind>archive</kind>
         <file>libsysbm.a</file>
         <name>close.c.obj</name>
      </input_file>
      <input_file id="fl-b3">
         <path>C:\ti\ccs1270\ccs\tools\compiler\ti-cgt-armllvm_3.2.2.LTS\lib\armv6m-ti-none-eabi\c\</path>
         <kind>archive</kind>
         <file>libsysbm.a</file>
         <name>unlink.c.obj</name>
      </input_file>
      <input_file id="fl-b4">
         <path>C:\ti\ccs1270\ccs\tools\compiler\ti-cgt-armllvm_3.2.2.LTS\lib\armv6m-ti-none-eabi\c\</path>
         <kind>archive</kind>
         <file>libsysbm.a</file>
         <name>hostclose.c.obj</name>
      </input_file>
      <input_file id="fl-b5">
         <path>C:\ti\ccs1270\ccs\tools\compiler\ti-cgt-armllvm_3.2.2.LTS\lib\armv6m-ti-none-eabi\c\</path>
         <kind>archive</kind>
         <file>libsysbm.a</file>
         <name>hostlseek.c.obj</name>
      </input_file>
      <input_file id="fl-b6">
         <path>C:\ti\ccs1270\ccs\tools\compiler\ti-cgt-armllvm_3.2.2.LTS\lib\armv6m-ti-none-eabi\c\</path>
         <kind>archive</kind>
         <file>libsysbm.a</file>
         <name>hostopen.c.obj</name>
      </input_file>
      <input_file id="fl-b7">
         <path>C:\ti\ccs1270\ccs\tools\compiler\ti-cgt-armllvm_3.2.2.LTS\lib\armv6m-ti-none-eabi\c\</path>
         <kind>archive</kind>
         <file>libsysbm.a</file>
         <name>hostread.c.obj</name>
      </input_file>
      <input_file id="fl-b8">
         <path>C:\ti\ccs1270\ccs\tools\compiler\ti-cgt-armllvm_3.2.2.LTS\lib\armv6m-ti-none-eabi\c\</path>
         <kind>archive</kind>
         <file>libsysbm.a</file>
         <name>hostrename.c.obj</name>
      </input_file>
      <input_file id="fl-b9">
         <path>C:\ti\ccs1270\ccs\tools\compiler\ti-cgt-armllvm_3.2.2.LTS\lib\armv6m-ti-none-eabi\c\</path>
         <kind>archive</kind>
         <file>libsysbm.a</file>
         <name>hostunlink.c.obj</name>
      </input_file>
      <input_file id="fl-ba">
         <path>C:\ti\ccs1270\ccs\tools\compiler\ti-cgt-armllvm_3.2.2.LTS\lib\armv6m-ti-none-eabi\c\</path>
         <kind>archive</kind>
         <file>libsysbm.a</file>
         <name>hostwrite.c.obj</name>
      </input_file>
      <input_file id="fl-bb">
         <path>C:\ti\ccs1270\ccs\tools\compiler\ti-cgt-armllvm_3.2.2.LTS\lib\armv6m-ti-none-eabi\c\</path>
         <kind>archive</kind>
         <file>libsysbm.a</file>
         <name>trgmsg.c.obj</name>
      </input_file>
      <input_file id="fl-bc">
         <path>C:\ti\ccs1270\ccs\tools\compiler\ti-cgt-armllvm_3.2.2.LTS\lib\clang\15.0.7\lib\armv6m-ti-none-eabi\</path>
         <kind>archive</kind>
         <file>libclang_rt.builtins.a</file>
         <name>addsf3.S.obj</name>
      </input_file>
      <input_file id="fl-bd">
         <path>C:\ti\ccs1270\ccs\tools\compiler\ti-cgt-armllvm_3.2.2.LTS\lib\clang\15.0.7\lib\armv6m-ti-none-eabi\</path>
         <kind>archive</kind>
         <file>libclang_rt.builtins.a</file>
         <name>adddf3.S.obj</name>
      </input_file>
      <input_file id="fl-be">
         <path>C:\ti\ccs1270\ccs\tools\compiler\ti-cgt-armllvm_3.2.2.LTS\lib\clang\15.0.7\lib\armv6m-ti-none-eabi\</path>
         <kind>archive</kind>
         <file>libclang_rt.builtins.a</file>
         <name>muldf3.S.obj</name>
      </input_file>
      <input_file id="fl-bf">
         <path>C:\ti\ccs1270\ccs\tools\compiler\ti-cgt-armllvm_3.2.2.LTS\lib\clang\15.0.7\lib\armv6m-ti-none-eabi\</path>
         <kind>archive</kind>
         <file>libclang_rt.builtins.a</file>
         <name>muldsi3.S.obj</name>
      </input_file>
      <input_file id="fl-c0">
         <path>C:\ti\ccs1270\ccs\tools\compiler\ti-cgt-armllvm_3.2.2.LTS\lib\clang\15.0.7\lib\armv6m-ti-none-eabi\</path>
         <kind>archive</kind>
         <file>libclang_rt.builtins.a</file>
         <name>mulsf3.S.obj</name>
      </input_file>
      <input_file id="fl-c1">
         <path>C:\ti\ccs1270\ccs\tools\compiler\ti-cgt-armllvm_3.2.2.LTS\lib\clang\15.0.7\lib\armv6m-ti-none-eabi\</path>
         <kind>archive</kind>
         <file>libclang_rt.builtins.a</file>
         <name>divsf3.S.obj</name>
      </input_file>
      <input_file id="fl-c2">
         <path>C:\ti\ccs1270\ccs\tools\compiler\ti-cgt-armllvm_3.2.2.LTS\lib\clang\15.0.7\lib\armv6m-ti-none-eabi\</path>
         <kind>archive</kind>
         <file>libclang_rt.builtins.a</file>
         <name>divdf3.S.obj</name>
      </input_file>
      <input_file id="fl-c3">
         <path>C:\ti\ccs1270\ccs\tools\compiler\ti-cgt-armllvm_3.2.2.LTS\lib\clang\15.0.7\lib\armv6m-ti-none-eabi\</path>
         <kind>archive</kind>
         <file>libclang_rt.builtins.a</file>
         <name>fixdfsi.S.obj</name>
      </input_file>
      <input_file id="fl-c4">
         <path>C:\ti\ccs1270\ccs\tools\compiler\ti-cgt-armllvm_3.2.2.LTS\lib\clang\15.0.7\lib\armv6m-ti-none-eabi\</path>
         <kind>archive</kind>
         <file>libclang_rt.builtins.a</file>
         <name>fixsfsi.S.obj</name>
      </input_file>
      <input_file id="fl-c5">
         <path>C:\ti\ccs1270\ccs\tools\compiler\ti-cgt-armllvm_3.2.2.LTS\lib\clang\15.0.7\lib\armv6m-ti-none-eabi\</path>
         <kind>archive</kind>
         <file>libclang_rt.builtins.a</file>
         <name>fixunssfsi.S.obj</name>
      </input_file>
      <input_file id="fl-c6">
         <path>C:\ti\ccs1270\ccs\tools\compiler\ti-cgt-armllvm_3.2.2.LTS\lib\clang\15.0.7\lib\armv6m-ti-none-eabi\</path>
         <kind>archive</kind>
         <file>libclang_rt.builtins.a</file>
         <name>floatsidf.S.obj</name>
      </input_file>
      <input_file id="fl-c7">
         <path>C:\ti\ccs1270\ccs\tools\compiler\ti-cgt-armllvm_3.2.2.LTS\lib\clang\15.0.7\lib\armv6m-ti-none-eabi\</path>
         <kind>archive</kind>
         <file>libclang_rt.builtins.a</file>
         <name>floatsisf.S.obj</name>
      </input_file>
      <input_file id="fl-c8">
         <path>C:\ti\ccs1270\ccs\tools\compiler\ti-cgt-armllvm_3.2.2.LTS\lib\clang\15.0.7\lib\armv6m-ti-none-eabi\</path>
         <kind>archive</kind>
         <file>libclang_rt.builtins.a</file>
         <name>floatunsidf.S.obj</name>
      </input_file>
      <input_file id="fl-c9">
         <path>C:\ti\ccs1270\ccs\tools\compiler\ti-cgt-armllvm_3.2.2.LTS\lib\clang\15.0.7\lib\armv6m-ti-none-eabi\</path>
         <kind>archive</kind>
         <file>libclang_rt.builtins.a</file>
         <name>floatunsisf.S.obj</name>
      </input_file>
      <input_file id="fl-ca">
         <path>C:\ti\ccs1270\ccs\tools\compiler\ti-cgt-armllvm_3.2.2.LTS\lib\clang\15.0.7\lib\armv6m-ti-none-eabi\</path>
         <kind>archive</kind>
         <file>libclang_rt.builtins.a</file>
         <name>muldi3.S.obj</name>
      </input_file>
      <input_file id="fl-cb">
         <path>C:\ti\ccs1270\ccs\tools\compiler\ti-cgt-armllvm_3.2.2.LTS\lib\clang\15.0.7\lib\armv6m-ti-none-eabi\</path>
         <kind>archive</kind>
         <file>libclang_rt.builtins.a</file>
         <name>aeabi_dcmp.S.obj</name>
      </input_file>
      <input_file id="fl-cc">
         <path>C:\ti\ccs1270\ccs\tools\compiler\ti-cgt-armllvm_3.2.2.LTS\lib\clang\15.0.7\lib\armv6m-ti-none-eabi\</path>
         <kind>archive</kind>
         <file>libclang_rt.builtins.a</file>
         <name>aeabi_fcmp.S.obj</name>
      </input_file>
      <input_file id="fl-cd">
         <path>C:\ti\ccs1270\ccs\tools\compiler\ti-cgt-armllvm_3.2.2.LTS\lib\clang\15.0.7\lib\armv6m-ti-none-eabi\</path>
         <kind>archive</kind>
         <file>libclang_rt.builtins.a</file>
         <name>aeabi_idivmod.S.obj</name>
      </input_file>
      <input_file id="fl-ce">
         <path>C:\ti\ccs1270\ccs\tools\compiler\ti-cgt-armllvm_3.2.2.LTS\lib\clang\15.0.7\lib\armv6m-ti-none-eabi\</path>
         <kind>archive</kind>
         <file>libclang_rt.builtins.a</file>
         <name>aeabi_memcpy.S.obj</name>
      </input_file>
      <input_file id="fl-cf">
         <path>C:\ti\ccs1270\ccs\tools\compiler\ti-cgt-armllvm_3.2.2.LTS\lib\clang\15.0.7\lib\armv6m-ti-none-eabi\</path>
         <kind>archive</kind>
         <file>libclang_rt.builtins.a</file>
         <name>aeabi_memset.S.obj</name>
      </input_file>
      <input_file id="fl-d0">
         <path>C:\ti\ccs1270\ccs\tools\compiler\ti-cgt-armllvm_3.2.2.LTS\lib\clang\15.0.7\lib\armv6m-ti-none-eabi\</path>
         <kind>archive</kind>
         <file>libclang_rt.builtins.a</file>
         <name>aeabi_uidivmod.S.obj</name>
      </input_file>
      <input_file id="fl-d1">
         <path>C:\ti\ccs1270\ccs\tools\compiler\ti-cgt-armllvm_3.2.2.LTS\lib\clang\15.0.7\lib\armv6m-ti-none-eabi\</path>
         <kind>archive</kind>
         <file>libclang_rt.builtins.a</file>
         <name>aeabi_uldivmod.S.obj</name>
      </input_file>
      <input_file id="fl-d2">
         <path>C:\ti\ccs1270\ccs\tools\compiler\ti-cgt-armllvm_3.2.2.LTS\lib\clang\15.0.7\lib\armv6m-ti-none-eabi\</path>
         <kind>archive</kind>
         <file>libclang_rt.builtins.a</file>
         <name>comparesf2.S.obj</name>
      </input_file>
      <input_file id="fl-d3">
         <path>C:\ti\ccs1270\ccs\tools\compiler\ti-cgt-armllvm_3.2.2.LTS\lib\clang\15.0.7\lib\armv6m-ti-none-eabi\</path>
         <kind>archive</kind>
         <file>libclang_rt.builtins.a</file>
         <name>udivmoddi4.S.obj</name>
      </input_file>
      <input_file id="fl-d4">
         <path>C:\ti\ccs1270\ccs\tools\compiler\ti-cgt-armllvm_3.2.2.LTS\lib\clang\15.0.7\lib\armv6m-ti-none-eabi\</path>
         <kind>archive</kind>
         <file>libclang_rt.builtins.a</file>
         <name>ashldi3.S.obj</name>
      </input_file>
      <input_file id="fl-d5">
         <path>C:\ti\ccs1270\ccs\tools\compiler\ti-cgt-armllvm_3.2.2.LTS\lib\clang\15.0.7\lib\armv6m-ti-none-eabi\</path>
         <kind>archive</kind>
         <file>libclang_rt.builtins.a</file>
         <name>comparedf2.c.obj</name>
      </input_file>
      <input_file id="fl-d6">
         <path>C:\ti\ccs1270\ccs\tools\compiler\ti-cgt-armllvm_3.2.2.LTS\lib\clang\15.0.7\lib\armv6m-ti-none-eabi\</path>
         <kind>archive</kind>
         <file>libclang_rt.builtins.a</file>
         <name>aeabi_div0.c.obj</name>
      </input_file>
      <input_file id="fl-d7">
         <path>C:\ti\ccs1270\ccs\tools\compiler\ti-cgt-armllvm_3.2.2.LTS\lib\armv6m-ti-none-eabi\c\</path>
         <kind>archive</kind>
         <file>libc.a</file>
         <name>getdevice.c.obj</name>
      </input_file>
      <input_file id="fl-d8">
         <path>C:\ti\ccs1270\ccs\tools\compiler\ti-cgt-armllvm_3.2.2.LTS\lib\armv6m-ti-none-eabi\c\</path>
         <kind>archive</kind>
         <file>libc.a</file>
         <name>memcpy16.S.obj</name>
      </input_file>
      <input_file id="fl-d9">
         <path>C:\ti\ccs1270\ccs\tools\compiler\ti-cgt-armllvm_3.2.2.LTS\lib\armv6m-ti-none-eabi\c\</path>
         <kind>archive</kind>
         <file>libc.a</file>
         <name>memset16.S.obj</name>
      </input_file>
   </input_file_list>
   <object_component_list>
      <object_component id="oc-18">
         <name>.intvecs</name>
         <load_address>0x0</load_address>
         <readonly>true</readonly>
         <run_address>0x0</run_address>
         <size>0xc0</size>
         <alignment>0x4</alignment>
         <input_file_ref idref="fl-3"/>
      </object_component>
      <object_component id="oc-89">
         <name>.text.main</name>
         <load_address>0xc0</load_address>
         <readonly>true</readonly>
         <executable>true</executable>
         <run_address>0xc0</run_address>
         <size>0x3f44</size>
         <alignment>0x4</alignment>
         <input_file_ref idref="fl-1"/>
      </object_component>
      <object_component id="oc-199">
         <name>.text.AD9959_init</name>
         <load_address>0x4004</load_address>
         <readonly>true</readonly>
         <executable>true</executable>
         <run_address>0x4004</run_address>
         <size>0x52c</size>
         <alignment>0x4</alignment>
         <input_file_ref idref="fl-4"/>
      </object_component>
      <object_component id="oc-1da">
         <name>.text.AD9959_writeDataSlow</name>
         <load_address>0x4530</load_address>
         <readonly>true</readonly>
         <executable>true</executable>
         <run_address>0x4530</run_address>
         <size>0x2b4</size>
         <alignment>0x4</alignment>
         <input_file_ref idref="fl-4"/>
      </object_component>
      <object_component id="oc-19a">
         <name>.text:__TI_printfi_minimal</name>
         <load_address>0x47e4</load_address>
         <readonly>true</readonly>
         <executable>true</executable>
         <run_address>0x47e4</run_address>
         <size>0x284</size>
         <alignment>0x4</alignment>
         <input_file_ref idref="fl-36"/>
      </object_component>
      <object_component id="oc-16e">
         <name>.text.logf</name>
         <load_address>0x4a68</load_address>
         <readonly>true</readonly>
         <executable>true</executable>
         <run_address>0x4a68</run_address>
         <size>0x258</size>
         <alignment>0x4</alignment>
         <input_file_ref idref="fl-29"/>
      </object_component>
      <object_component id="oc-3e">
         <name>.text.UART2_IRQHandler</name>
         <load_address>0x4cc0</load_address>
         <readonly>true</readonly>
         <executable>true</executable>
         <run_address>0x4cc0</run_address>
         <size>0x18c</size>
         <alignment>0x4</alignment>
         <input_file_ref idref="fl-1"/>
      </object_component>
      <object_component id="oc-1ac">
         <name>.text.AD9959_writeData</name>
         <load_address>0x4e4c</load_address>
         <readonly>true</readonly>
         <executable>true</executable>
         <run_address>0x4e4c</run_address>
         <size>0x15c</size>
         <alignment>0x4</alignment>
         <input_file_ref idref="fl-4"/>
      </object_component>
      <object_component id="oc-187">
         <name>.text.DL_Timer_initPWMMode</name>
         <load_address>0x4fa8</load_address>
         <readonly>true</readonly>
         <executable>true</executable>
         <run_address>0x4fa8</run_address>
         <size>0x110</size>
         <alignment>0x4</alignment>
         <input_file_ref idref="fl-17"/>
      </object_component>
      <object_component id="oc-a8">
         <name>.text.UserTask_init</name>
         <load_address>0x50b8</load_address>
         <readonly>true</readonly>
         <executable>true</executable>
         <run_address>0x50b8</run_address>
         <size>0x104</size>
         <alignment>0x4</alignment>
         <input_file_ref idref="fl-7"/>
      </object_component>
      <object_component id="oc-183">
         <name>.text.DL_SYSCTL_configSYSPLL</name>
         <load_address>0x51bc</load_address>
         <readonly>true</readonly>
         <executable>true</executable>
         <run_address>0x51bc</run_address>
         <size>0xec</size>
         <alignment>0x4</alignment>
         <input_file_ref idref="fl-19"/>
      </object_component>
      <object_component id="oc-f8">
         <name>.text</name>
         <load_address>0x52a8</load_address>
         <readonly>true</readonly>
         <executable>true</executable>
         <run_address>0x52a8</run_address>
         <size>0xd8</size>
         <alignment>0x4</alignment>
         <input_file_ref idref="fl-bc"/>
      </object_component>
      <object_component id="oc-18d">
         <name>.text.DL_Timer_initCaptureCombinedMode</name>
         <load_address>0x5380</load_address>
         <readonly>true</readonly>
         <executable>true</executable>
         <run_address>0x5380</run_address>
         <size>0xb0</size>
         <alignment>0x4</alignment>
         <input_file_ref idref="fl-17"/>
      </object_component>
      <object_component id="oc-137">
         <name>.text.SYSCFG_DL_GPIO_init</name>
         <load_address>0x5430</load_address>
         <readonly>true</readonly>
         <executable>true</executable>
         <run_address>0x5430</run_address>
         <size>0xb0</size>
         <alignment>0x4</alignment>
         <input_file_ref idref="fl-2"/>
      </object_component>
      <object_component id="oc-9e">
         <name>.text:memcpy</name>
         <load_address>0x54e0</load_address>
         <readonly>true</readonly>
         <executable>true</executable>
         <run_address>0x54e0</run_address>
         <size>0x9a</size>
         <alignment>0x1</alignment>
         <input_file_ref idref="fl-d8"/>
      </object_component>
      <object_component id="oc-33">
         <name>.text.Default_Handler</name>
         <load_address>0x557a</load_address>
         <readonly>true</readonly>
         <executable>true</executable>
         <run_address>0x557a</run_address>
         <size>0x2</size>
         <alignment>0x2</alignment>
         <input_file_ref idref="fl-3"/>
      </object_component>
      <object_component id="oc-1d4">
         <name>.text.DL_Timer_getInChanConfig</name>
         <load_address>0x557c</load_address>
         <readonly>true</readonly>
         <executable>true</executable>
         <run_address>0x557c</run_address>
         <size>0x96</size>
         <alignment>0x4</alignment>
         <input_file_ref idref="fl-17"/>
      </object_component>
      <object_component id="oc-150">
         <name>.text.__aeabi_idiv0</name>
         <load_address>0x5612</load_address>
         <readonly>true</readonly>
         <executable>true</executable>
         <run_address>0x5612</run_address>
         <size>0x2</size>
         <alignment>0x2</alignment>
         <input_file_ref idref="fl-d6"/>
      </object_component>
      <object_component id="oc-cd">
         <name>.text.DDS_sweep</name>
         <load_address>0x5614</load_address>
         <readonly>true</readonly>
         <executable>true</executable>
         <run_address>0x5614</run_address>
         <size>0x94</size>
         <alignment>0x4</alignment>
         <input_file_ref idref="fl-5"/>
      </object_component>
      <object_component id="oc-e2">
         <name>.text.__mulsf3</name>
         <load_address>0x56a8</load_address>
         <readonly>true</readonly>
         <executable>true</executable>
         <run_address>0x56a8</run_address>
         <size>0x8c</size>
         <alignment>0x4</alignment>
         <input_file_ref idref="fl-c0"/>
      </object_component>
      <object_component id="oc-aa">
         <name>.text.__divsf3</name>
         <load_address>0x5734</load_address>
         <readonly>true</readonly>
         <executable>true</executable>
         <run_address>0x5734</run_address>
         <size>0x82</size>
         <alignment>0x4</alignment>
         <input_file_ref idref="fl-c1"/>
      </object_component>
      <object_component id="oc-13f">
         <name>.text.SYSCFG_DL_ADC12_1_init</name>
         <load_address>0x57b8</load_address>
         <readonly>true</readonly>
         <executable>true</executable>
         <run_address>0x57b8</run_address>
         <size>0x80</size>
         <alignment>0x4</alignment>
         <input_file_ref idref="fl-2"/>
      </object_component>
      <object_component id="oc-1c">
         <name>.text:decompress:lzss</name>
         <load_address>0x5838</load_address>
         <readonly>true</readonly>
         <executable>true</executable>
         <run_address>0x5838</run_address>
         <size>0x78</size>
         <alignment>0x4</alignment>
         <input_file_ref idref="fl-35"/>
      </object_component>
      <object_component id="oc-13c">
         <name>.text.SYSCFG_DL_UART_0_init</name>
         <load_address>0x58b0</load_address>
         <readonly>true</readonly>
         <executable>true</executable>
         <run_address>0x58b0</run_address>
         <size>0x70</size>
         <alignment>0x4</alignment>
         <input_file_ref idref="fl-2"/>
      </object_component>
      <object_component id="oc-13d">
         <name>.text.SYSCFG_DL_UART_2_init</name>
         <load_address>0x5920</load_address>
         <readonly>true</readonly>
         <executable>true</executable>
         <run_address>0x5920</run_address>
         <size>0x70</size>
         <alignment>0x4</alignment>
         <input_file_ref idref="fl-2"/>
      </object_component>
      <object_component id="oc-136">
         <name>.text.SYSCFG_DL_initPower</name>
         <load_address>0x5990</load_address>
         <readonly>true</readonly>
         <executable>true</executable>
         <run_address>0x5990</run_address>
         <size>0x70</size>
         <alignment>0x4</alignment>
         <input_file_ref idref="fl-2"/>
      </object_component>
      <object_component id="oc-138">
         <name>.text.SYSCFG_DL_SYSCTL_init</name>
         <load_address>0x5a00</load_address>
         <readonly>true</readonly>
         <executable>true</executable>
         <run_address>0x5a00</run_address>
         <size>0x68</size>
         <alignment>0x4</alignment>
         <input_file_ref idref="fl-2"/>
      </object_component>
      <object_component id="oc-c1">
         <name>.text.Test_min</name>
         <load_address>0x5a68</load_address>
         <readonly>true</readonly>
         <executable>true</executable>
         <run_address>0x5a68</run_address>
         <size>0x64</size>
         <alignment>0x4</alignment>
         <input_file_ref idref="fl-7"/>
      </object_component>
      <object_component id="oc-159">
         <name>.text.__aeabi_fcmp</name>
         <load_address>0x5acc</load_address>
         <readonly>true</readonly>
         <executable>true</executable>
         <run_address>0x5acc</run_address>
         <size>0x62</size>
         <alignment>0x4</alignment>
         <input_file_ref idref="fl-cc"/>
      </object_component>
      <object_component id="oc-135">
         <name>.text:memset</name>
         <load_address>0x5b2e</load_address>
         <readonly>true</readonly>
         <executable>true</executable>
         <run_address>0x5b2e</run_address>
         <size>0x62</size>
         <alignment>0x1</alignment>
         <input_file_ref idref="fl-d9"/>
      </object_component>
      <object_component id="oc-13a">
         <name>.text.SYSCFG_DL_PWM_0_init</name>
         <load_address>0x5b90</load_address>
         <readonly>true</readonly>
         <executable>true</executable>
         <run_address>0x5b90</run_address>
         <size>0x58</size>
         <alignment>0x4</alignment>
         <input_file_ref idref="fl-2"/>
      </object_component>
      <object_component id="oc-40">
         <name>.text.TIMG0_IRQHandler</name>
         <load_address>0x5be8</load_address>
         <readonly>true</readonly>
         <executable>true</executable>
         <run_address>0x5be8</run_address>
         <size>0x58</size>
         <alignment>0x4</alignment>
         <input_file_ref idref="fl-1"/>
      </object_component>
      <object_component id="oc-cc">
         <name>.text.Set_xiezhen</name>
         <load_address>0x5c40</load_address>
         <readonly>true</readonly>
         <executable>true</executable>
         <run_address>0x5c40</run_address>
         <size>0x54</size>
         <alignment>0x4</alignment>
         <input_file_ref idref="fl-7"/>
      </object_component>
      <object_component id="oc-1d5">
         <name>.text.DL_Timer_getInChanPairConfig</name>
         <load_address>0x5c94</load_address>
         <readonly>true</readonly>
         <executable>true</executable>
         <run_address>0x5c94</run_address>
         <size>0x52</size>
         <alignment>0x4</alignment>
         <input_file_ref idref="fl-17"/>
      </object_component>
      <object_component id="oc-196">
         <name>.text.DL_ADC12_setClockConfig</name>
         <load_address>0x5ce8</load_address>
         <readonly>true</readonly>
         <executable>true</executable>
         <run_address>0x5ce8</run_address>
         <size>0x4c</size>
         <alignment>0x4</alignment>
         <input_file_ref idref="fl-15"/>
      </object_component>
      <object_component id="oc-184">
         <name>.text.DL_SYSCTL_switchMCLKfromSYSOSCtoHSCLK</name>
         <load_address>0x5d34</load_address>
         <readonly>true</readonly>
         <executable>true</executable>
         <run_address>0x5d34</run_address>
         <size>0x4c</size>
         <alignment>0x4</alignment>
         <input_file_ref idref="fl-19"/>
      </object_component>
      <object_component id="oc-191">
         <name>.text.DL_UART_init</name>
         <load_address>0x5d80</load_address>
         <readonly>true</readonly>
         <executable>true</executable>
         <run_address>0x5d80</run_address>
         <size>0x4c</size>
         <alignment>0x4</alignment>
         <input_file_ref idref="fl-18"/>
      </object_component>
      <object_component id="oc-39">
         <name>.text.GROUP1_IRQHandler</name>
         <load_address>0x5dcc</load_address>
         <readonly>true</readonly>
         <executable>true</executable>
         <run_address>0x5dcc</run_address>
         <size>0x44</size>
         <alignment>0x4</alignment>
         <input_file_ref idref="fl-1"/>
      </object_component>
      <object_component id="oc-b8">
         <name>.text.UserTask_loop</name>
         <load_address>0x5e10</load_address>
         <readonly>true</readonly>
         <executable>true</executable>
         <run_address>0x5e10</run_address>
         <size>0x44</size>
         <alignment>0x4</alignment>
         <input_file_ref idref="fl-7"/>
      </object_component>
      <object_component id="oc-15d">
         <name>.text.AD9959_setFreq</name>
         <load_address>0x5e54</load_address>
         <readonly>true</readonly>
         <executable>true</executable>
         <run_address>0x5e54</run_address>
         <size>0x40</size>
         <alignment>0x4</alignment>
         <input_file_ref idref="fl-4"/>
      </object_component>
      <object_component id="oc-188">
         <name>.text.DL_Timer_setCaptureCompareOutCtl</name>
         <load_address>0x5e94</load_address>
         <readonly>true</readonly>
         <executable>true</executable>
         <run_address>0x5e94</run_address>
         <size>0x40</size>
         <alignment>0x4</alignment>
         <input_file_ref idref="fl-17"/>
      </object_component>
      <object_component id="oc-b9">
         <name>.text.__aeabi_uidivmod</name>
         <load_address>0x5ed4</load_address>
         <readonly>true</readonly>
         <executable>true</executable>
         <run_address>0x5ed4</run_address>
         <size>0x40</size>
         <alignment>0x4</alignment>
         <input_file_ref idref="fl-d0"/>
      </object_component>
      <object_component id="oc-1d1">
         <name>.text.DL_Timer_setCaptureCompareCtl</name>
         <load_address>0x5f14</load_address>
         <readonly>true</readonly>
         <executable>true</executable>
         <run_address>0x5f14</run_address>
         <size>0x3c</size>
         <alignment>0x4</alignment>
         <input_file_ref idref="fl-17"/>
      </object_component>
      <object_component id="oc-13b">
         <name>.text.SYSCFG_DL_CAPTURE_0_init</name>
         <load_address>0x5f50</load_address>
         <readonly>true</readonly>
         <executable>true</executable>
         <run_address>0x5f50</run_address>
         <size>0x3c</size>
         <alignment>0x4</alignment>
         <input_file_ref idref="fl-2"/>
      </object_component>
      <object_component id="oc-103">
         <name>.text.Set_Saopin_FTP</name>
         <load_address>0x5f8c</load_address>
         <readonly>true</readonly>
         <executable>true</executable>
         <run_address>0x5f8c</run_address>
         <size>0x3c</size>
         <alignment>0x4</alignment>
         <input_file_ref idref="fl-7"/>
      </object_component>
      <object_component id="oc-10f">
         <name>.text.Set_Saopin_SFTP</name>
         <load_address>0x5fc8</load_address>
         <readonly>true</readonly>
         <executable>true</executable>
         <run_address>0x5fc8</run_address>
         <size>0x3c</size>
         <alignment>0x4</alignment>
         <input_file_ref idref="fl-7"/>
      </object_component>
      <object_component id="oc-110">
         <name>.text.Set_Saopin_UTP</name>
         <load_address>0x6004</load_address>
         <readonly>true</readonly>
         <executable>true</executable>
         <run_address>0x6004</run_address>
         <size>0x3c</size>
         <alignment>0x4</alignment>
         <input_file_ref idref="fl-7"/>
      </object_component>
      <object_component id="oc-10a">
         <name>.text.__floatsisf</name>
         <load_address>0x6040</load_address>
         <readonly>true</readonly>
         <executable>true</executable>
         <run_address>0x6040</run_address>
         <size>0x3c</size>
         <alignment>0x4</alignment>
         <input_file_ref idref="fl-c7"/>
      </object_component>
      <object_component id="oc-1aa">
         <name>.text.__gtsf2</name>
         <load_address>0x607c</load_address>
         <readonly>true</readonly>
         <executable>true</executable>
         <run_address>0x607c</run_address>
         <size>0x3c</size>
         <alignment>0x4</alignment>
         <input_file_ref idref="fl-d2"/>
      </object_component>
      <object_component id="oc-11d">
         <name>.text:__TI_auto_init_nobinit_nopinit</name>
         <load_address>0x60b8</load_address>
         <readonly>true</readonly>
         <executable>true</executable>
         <run_address>0x60b8</run_address>
         <size>0x3c</size>
         <alignment>0x4</alignment>
         <input_file_ref idref="fl-30"/>
      </object_component>
      <object_component id="oc-1a5">
         <name>.text.__eqsf2</name>
         <load_address>0x60f4</load_address>
         <readonly>true</readonly>
         <executable>true</executable>
         <run_address>0x60f4</run_address>
         <size>0x3a</size>
         <alignment>0x4</alignment>
         <input_file_ref idref="fl-d2"/>
      </object_component>
      <object_component id="oc-169">
         <name>.text.__muldsi3</name>
         <load_address>0x6130</load_address>
         <readonly>true</readonly>
         <executable>true</executable>
         <run_address>0x6130</run_address>
         <size>0x3a</size>
         <alignment>0x4</alignment>
         <input_file_ref idref="fl-bf"/>
      </object_component>
      <object_component id="oc-13e">
         <name>.text.SYSCFG_DL_ADC12_0_init</name>
         <load_address>0x616c</load_address>
         <readonly>true</readonly>
         <executable>true</executable>
         <run_address>0x616c</run_address>
         <size>0x38</size>
         <alignment>0x4</alignment>
         <input_file_ref idref="fl-2"/>
      </object_component>
      <object_component id="oc-a3">
         <name>.text.SYSCFG_DL_init</name>
         <load_address>0x61a4</load_address>
         <readonly>true</readonly>
         <executable>true</executable>
         <run_address>0x61a4</run_address>
         <size>0x38</size>
         <alignment>0x4</alignment>
         <input_file_ref idref="fl-2"/>
      </object_component>
      <object_component id="oc-ae">
         <name>.text.__fixsfsi</name>
         <load_address>0x61dc</load_address>
         <readonly>true</readonly>
         <executable>true</executable>
         <run_address>0x61dc</run_address>
         <size>0x38</size>
         <alignment>0x4</alignment>
         <input_file_ref idref="fl-c4"/>
      </object_component>
      <object_component id="oc-b2">
         <name>.text.sprintf</name>
         <load_address>0x6214</load_address>
         <readonly>true</readonly>
         <executable>true</executable>
         <run_address>0x6214</run_address>
         <size>0x38</size>
         <alignment>0x4</alignment>
         <input_file_ref idref="fl-28"/>
      </object_component>
      <object_component id="oc-189">
         <name>.text.DL_Timer_setCaptCompUpdateMethod</name>
         <load_address>0x624c</load_address>
         <readonly>true</readonly>
         <executable>true</executable>
         <run_address>0x624c</run_address>
         <size>0x34</size>
         <alignment>0x4</alignment>
         <input_file_ref idref="fl-17"/>
      </object_component>
      <object_component id="oc-1cf">
         <name>.text.DL_Timer_setCaptureCompareAction</name>
         <load_address>0x6280</load_address>
         <readonly>true</readonly>
         <executable>true</executable>
         <run_address>0x6280</run_address>
         <size>0x34</size>
         <alignment>0x4</alignment>
         <input_file_ref idref="fl-17"/>
      </object_component>
      <object_component id="oc-1d2">
         <name>.text.DL_Timer_setCaptureCompareInput</name>
         <load_address>0x62b4</load_address>
         <readonly>true</readonly>
         <executable>true</executable>
         <run_address>0x62b4</run_address>
         <size>0x34</size>
         <alignment>0x2</alignment>
         <input_file_ref idref="fl-17"/>
      </object_component>
      <object_component id="oc-186">
         <name>.text.DL_Timer_setClockConfig</name>
         <load_address>0x62e8</load_address>
         <readonly>true</readonly>
         <executable>true</executable>
         <run_address>0x62e8</run_address>
         <size>0x34</size>
         <alignment>0x4</alignment>
         <input_file_ref idref="fl-17"/>
      </object_component>
      <object_component id="oc-cb">
         <name>.text.Set_Saopin</name>
         <load_address>0x631c</load_address>
         <readonly>true</readonly>
         <executable>true</executable>
         <run_address>0x631c</run_address>
         <size>0x34</size>
         <alignment>0x4</alignment>
         <input_file_ref idref="fl-7"/>
      </object_component>
      <object_component id="oc-1ad">
         <name>.text.__fixunssfsi</name>
         <load_address>0x6350</load_address>
         <readonly>true</readonly>
         <executable>true</executable>
         <run_address>0x6350</run_address>
         <size>0x32</size>
         <alignment>0x4</alignment>
         <input_file_ref idref="fl-c5"/>
      </object_component>
      <object_component id="oc-140">
         <name>.text.SYSCFG_DL_SYSTICK_init</name>
         <load_address>0x6384</load_address>
         <readonly>true</readonly>
         <executable>true</executable>
         <run_address>0x6384</run_address>
         <size>0x30</size>
         <alignment>0x4</alignment>
         <input_file_ref idref="fl-2"/>
      </object_component>
      <object_component id="oc-164">
         <name>.text.AD9959_setAmp</name>
         <load_address>0x63b4</load_address>
         <readonly>true</readonly>
         <executable>true</executable>
         <run_address>0x63b4</run_address>
         <size>0x2e</size>
         <alignment>0x2</alignment>
         <input_file_ref idref="fl-4"/>
      </object_component>
      <object_component id="oc-18a">
         <name>.text.DL_Timer_setCaptureCompareValue</name>
         <load_address>0x63e4</load_address>
         <readonly>true</readonly>
         <executable>true</executable>
         <run_address>0x63e4</run_address>
         <size>0x2c</size>
         <alignment>0x4</alignment>
         <input_file_ref idref="fl-17"/>
      </object_component>
      <object_component id="oc-1d9">
         <name>.text.DL_Common_updateReg</name>
         <load_address>0x6410</load_address>
         <readonly>true</readonly>
         <executable>true</executable>
         <run_address>0x6410</run_address>
         <size>0x28</size>
         <alignment>0x2</alignment>
         <input_file_ref idref="fl-15"/>
      </object_component>
      <object_component id="oc-1ca">
         <name>.text.DL_Common_updateReg</name>
         <load_address>0x6438</load_address>
         <readonly>true</readonly>
         <executable>true</executable>
         <run_address>0x6438</run_address>
         <size>0x28</size>
         <alignment>0x2</alignment>
         <input_file_ref idref="fl-19"/>
      </object_component>
      <object_component id="oc-1d3">
         <name>.text.DL_Common_updateReg</name>
         <load_address>0x6460</load_address>
         <readonly>true</readonly>
         <executable>true</executable>
         <run_address>0x6460</run_address>
         <size>0x28</size>
         <alignment>0x2</alignment>
         <input_file_ref idref="fl-17"/>
      </object_component>
      <object_component id="oc-1d8">
         <name>.text.DL_Common_updateReg</name>
         <load_address>0x6488</load_address>
         <readonly>true</readonly>
         <executable>true</executable>
         <run_address>0x6488</run_address>
         <size>0x28</size>
         <alignment>0x2</alignment>
         <input_file_ref idref="fl-18"/>
      </object_component>
      <object_component id="oc-77">
         <name>.text.DL_Timer_getCaptureCompareValue</name>
         <load_address>0x64b0</load_address>
         <readonly>true</readonly>
         <executable>true</executable>
         <run_address>0x64b0</run_address>
         <size>0x28</size>
         <alignment>0x4</alignment>
         <input_file_ref idref="fl-17"/>
      </object_component>
      <object_component id="oc-34">
         <name>.text.SysTick_Handler</name>
         <load_address>0x64d8</load_address>
         <readonly>true</readonly>
         <executable>true</executable>
         <run_address>0x64d8</run_address>
         <size>0x28</size>
         <alignment>0x4</alignment>
         <input_file_ref idref="fl-6"/>
      </object_component>
      <object_component id="oc-de">
         <name>.text.__floatunsisf</name>
         <load_address>0x6500</load_address>
         <readonly>true</readonly>
         <executable>true</executable>
         <run_address>0x6500</run_address>
         <size>0x28</size>
         <alignment>0x4</alignment>
         <input_file_ref idref="fl-c9"/>
      </object_component>
      <object_component id="oc-5c">
         <name>.text:_c_int00_noargs</name>
         <load_address>0x6528</load_address>
         <readonly>true</readonly>
         <executable>true</executable>
         <run_address>0x6528</run_address>
         <size>0x28</size>
         <alignment>0x4</alignment>
         <input_file_ref idref="fl-2e"/>
      </object_component>
      <object_component id="oc-163">
         <name>.text.AD9959_setPhase</name>
         <load_address>0x6550</load_address>
         <readonly>true</readonly>
         <executable>true</executable>
         <run_address>0x6550</run_address>
         <size>0x24</size>
         <alignment>0x2</alignment>
         <input_file_ref idref="fl-4"/>
      </object_component>
      <object_component id="oc-147">
         <name>.text.DDS_initSweep</name>
         <load_address>0x6574</load_address>
         <readonly>true</readonly>
         <executable>true</executable>
         <run_address>0x6574</run_address>
         <size>0x24</size>
         <alignment>0x2</alignment>
         <input_file_ref idref="fl-5"/>
      </object_component>
      <object_component id="oc-190">
         <name>.text.DL_UART_setClockConfig</name>
         <load_address>0x6598</load_address>
         <readonly>true</readonly>
         <executable>true</executable>
         <run_address>0x6598</run_address>
         <size>0x24</size>
         <alignment>0x4</alignment>
         <input_file_ref idref="fl-18"/>
      </object_component>
      <object_component id="oc-3f">
         <name>.text.UART0_IRQHandler</name>
         <load_address>0x65bc</load_address>
         <readonly>true</readonly>
         <executable>true</executable>
         <run_address>0x65bc</run_address>
         <size>0x24</size>
         <alignment>0x4</alignment>
         <input_file_ref idref="fl-1"/>
      </object_component>
      <object_component id="oc-1de">
         <name>.text.memccpy</name>
         <load_address>0x65e0</load_address>
         <readonly>true</readonly>
         <executable>true</executable>
         <run_address>0x65e0</run_address>
         <size>0x22</size>
         <alignment>0x2</alignment>
         <input_file_ref idref="fl-42"/>
      </object_component>
      <object_component id="oc-167">
         <name>.text.AD9959_IOUpdate</name>
         <load_address>0x6604</load_address>
         <readonly>true</readonly>
         <executable>true</executable>
         <run_address>0x6604</run_address>
         <size>0x20</size>
         <alignment>0x4</alignment>
         <input_file_ref idref="fl-4"/>
      </object_component>
      <object_component id="oc-1cc">
         <name>.text.DL_CORE_configInstruction</name>
         <load_address>0x6624</load_address>
         <readonly>true</readonly>
         <executable>true</executable>
         <run_address>0x6624</run_address>
         <size>0x20</size>
         <alignment>0x4</alignment>
         <input_file_ref idref="fl-19"/>
      </object_component>
      <object_component id="oc-1d0">
         <name>.text.DL_Timer_setCounterValueAfterEnable</name>
         <load_address>0x6644</load_address>
         <readonly>true</readonly>
         <executable>true</executable>
         <run_address>0x6644</run_address>
         <size>0x20</size>
         <alignment>0x4</alignment>
         <input_file_ref idref="fl-17"/>
      </object_component>
      <object_component id="oc-146">
         <name>.text.Tick_delay</name>
         <load_address>0x6664</load_address>
         <readonly>true</readonly>
         <executable>true</executable>
         <run_address>0x6664</run_address>
         <size>0x20</size>
         <alignment>0x4</alignment>
         <input_file_ref idref="fl-6"/>
      </object_component>
      <object_component id="oc-c2">
         <name>.text.delay</name>
         <load_address>0x6684</load_address>
         <readonly>true</readonly>
         <executable>true</executable>
         <run_address>0x6684</run_address>
         <size>0x20</size>
         <alignment>0x4</alignment>
         <input_file_ref idref="fl-7"/>
      </object_component>
      <object_component id="oc-145">
         <name>.text.DDS_singleTone</name>
         <load_address>0x66a4</load_address>
         <readonly>true</readonly>
         <executable>true</executable>
         <run_address>0x66a4</run_address>
         <size>0x1e</size>
         <alignment>0x2</alignment>
         <input_file_ref idref="fl-5"/>
      </object_component>
      <object_component id="oc-f7">
         <name>.text.log_base</name>
         <load_address>0x66c2</load_address>
         <readonly>true</readonly>
         <executable>true</executable>
         <run_address>0x66c2</run_address>
         <size>0x1a</size>
         <alignment>0x2</alignment>
         <input_file_ref idref="fl-7"/>
      </object_component>
      <object_component id="oc-1cd">
         <name>.text.DL_SYSCTL_setHSCLKSource</name>
         <load_address>0x66dc</load_address>
         <readonly>true</readonly>
         <executable>true</executable>
         <run_address>0x66dc</run_address>
         <size>0x18</size>
         <alignment>0x4</alignment>
         <input_file_ref idref="fl-19"/>
      </object_component>
      <object_component id="oc-1ce">
         <name>.text.DL_Timer_setLoadValue</name>
         <load_address>0x66f4</load_address>
         <readonly>true</readonly>
         <executable>true</executable>
         <run_address>0x66f4</run_address>
         <size>0x18</size>
         <alignment>0x4</alignment>
         <input_file_ref idref="fl-17"/>
      </object_component>
      <object_component id="oc-14c">
         <name>.text._outs</name>
         <load_address>0x670c</load_address>
         <readonly>true</readonly>
         <executable>true</executable>
         <run_address>0x670c</run_address>
         <size>0x18</size>
         <alignment>0x2</alignment>
         <input_file_ref idref="fl-28"/>
      </object_component>
      <object_component id="oc-1d7">
         <name>.text.DL_UART_disable</name>
         <load_address>0x6724</load_address>
         <readonly>true</readonly>
         <executable>true</executable>
         <run_address>0x6724</run_address>
         <size>0x16</size>
         <alignment>0x2</alignment>
         <input_file_ref idref="fl-18"/>
      </object_component>
      <object_component id="oc-53">
         <name>.text:decompress:ZI:__TI_zero_init_nomemset</name>
         <load_address>0x673a</load_address>
         <readonly>true</readonly>
         <executable>true</executable>
         <run_address>0x673a</run_address>
         <size>0x16</size>
         <alignment>0x2</alignment>
         <input_file_ref idref="fl-33"/>
      </object_component>
      <object_component id="oc-d4">
         <name>.text.DL_Common_delayCycles</name>
         <load_address>0x6750</load_address>
         <readonly>true</readonly>
         <executable>true</executable>
         <run_address>0x6750</run_address>
         <size>0x14</size>
         <alignment>0x2</alignment>
         <input_file_ref idref="fl-16"/>
      </object_component>
      <object_component id="oc-1c8">
         <name>.text.DL_SYSCTL_disableSYSPLL</name>
         <load_address>0x6764</load_address>
         <readonly>true</readonly>
         <executable>true</executable>
         <run_address>0x6764</run_address>
         <size>0x14</size>
         <alignment>0x4</alignment>
         <input_file_ref idref="fl-19"/>
      </object_component>
      <object_component id="oc-1d6">
         <name>.text.DL_Timer_setCCPDirection</name>
         <load_address>0x6778</load_address>
         <readonly>true</readonly>
         <executable>true</executable>
         <run_address>0x6778</run_address>
         <size>0x14</size>
         <alignment>0x2</alignment>
         <input_file_ref idref="fl-17"/>
      </object_component>
      <object_component id="oc-20">
         <name>.text:decompress:none</name>
         <load_address>0x678c</load_address>
         <readonly>true</readonly>
         <executable>true</executable>
         <run_address>0x678c</run_address>
         <size>0x12</size>
         <alignment>0x2</alignment>
         <input_file_ref idref="fl-34"/>
      </object_component>
      <object_component id="oc-1cb">
         <name>.text.DL_CORE_getInstructionConfig</name>
         <load_address>0x67a0</load_address>
         <readonly>true</readonly>
         <executable>true</executable>
         <run_address>0x67a0</run_address>
         <size>0x10</size>
         <alignment>0x4</alignment>
         <input_file_ref idref="fl-19"/>
      </object_component>
      <object_component id="oc-1dd">
         <name>.text.__aeabi_memset</name>
         <load_address>0x67b0</load_address>
         <readonly>true</readonly>
         <executable>true</executable>
         <run_address>0x67b0</run_address>
         <size>0xe</size>
         <alignment>0x4</alignment>
         <input_file_ref idref="fl-cf"/>
      </object_component>
      <object_component id="oc-1dc">
         <name>.text.strlen</name>
         <load_address>0x67be</load_address>
         <readonly>true</readonly>
         <executable>true</executable>
         <run_address>0x67be</run_address>
         <size>0xe</size>
         <alignment>0x2</alignment>
         <input_file_ref idref="fl-36"/>
      </object_component>
      <object_component id="oc-1c9">
         <name>.text.DL_SYSCTL_getClockStatus</name>
         <load_address>0x67cc</load_address>
         <readonly>true</readonly>
         <executable>true</executable>
         <run_address>0x67cc</run_address>
         <size>0xc</size>
         <alignment>0x4</alignment>
         <input_file_ref idref="fl-19"/>
      </object_component>
      <object_component id="oc-80">
         <name>.text.__aeabi_memclr</name>
         <load_address>0x67d8</load_address>
         <readonly>true</readonly>
         <executable>true</executable>
         <run_address>0x67d8</run_address>
         <size>0xc</size>
         <alignment>0x4</alignment>
         <input_file_ref idref="fl-cf"/>
      </object_component>
      <object_component id="oc-14d">
         <name>.text._outc</name>
         <load_address>0x67e4</load_address>
         <readonly>true</readonly>
         <executable>true</executable>
         <run_address>0x67e4</run_address>
         <size>0xa</size>
         <alignment>0x2</alignment>
         <input_file_ref idref="fl-28"/>
      </object_component>
      <object_component id="oc-144">
         <name>.text.DDS_init</name>
         <load_address>0x67ee</load_address>
         <readonly>true</readonly>
         <executable>true</executable>
         <run_address>0x67ee</run_address>
         <size>0x8</size>
         <alignment>0x2</alignment>
         <input_file_ref idref="fl-5"/>
      </object_component>
      <object_component id="oc-d3">
         <name>.text.DDS_update</name>
         <load_address>0x67f6</load_address>
         <readonly>true</readonly>
         <executable>true</executable>
         <run_address>0x67f6</run_address>
         <size>0x8</size>
         <alignment>0x2</alignment>
         <input_file_ref idref="fl-5"/>
      </object_component>
      <object_component id="oc-1b8">
         <name>.text.__aeabi_errno_addr</name>
         <load_address>0x6800</load_address>
         <readonly>true</readonly>
         <executable>true</executable>
         <run_address>0x6800</run_address>
         <size>0x8</size>
         <alignment>0x4</alignment>
         <input_file_ref idref="fl-2a"/>
      </object_component>
      <object_component id="oc-4c">
         <name>.text.__aeabi_memcpy</name>
         <load_address>0x6808</load_address>
         <readonly>true</readonly>
         <executable>true</executable>
         <run_address>0x6808</run_address>
         <size>0x8</size>
         <alignment>0x4</alignment>
         <input_file_ref idref="fl-ce"/>
      </object_component>
      <object_component id="oc-1b7">
         <name>.text.OUTLINED_FUNCTION_0</name>
         <load_address>0x6810</load_address>
         <readonly>true</readonly>
         <executable>true</executable>
         <run_address>0x6810</run_address>
         <size>0x6</size>
         <alignment>0x2</alignment>
         <input_file_ref idref="fl-29"/>
      </object_component>
      <object_component id="oc-2a6">
         <name>.tramp.__aeabi_fmul.1</name>
         <load_address>0x6818</load_address>
         <readonly>true</readonly>
         <executable>true</executable>
         <run_address>0x6818</run_address>
         <size>0x10</size>
         <alignment>0x4</alignment>
         <input_file_ref idref="fl-c0"/>
      </object_component>
      <object_component id="oc-1b6">
         <name>.text.OUTLINED_FUNCTION_1</name>
         <load_address>0x6828</load_address>
         <readonly>true</readonly>
         <executable>true</executable>
         <run_address>0x6828</run_address>
         <size>0x4</size>
         <alignment>0x2</alignment>
         <input_file_ref idref="fl-29"/>
      </object_component>
      <object_component id="oc-1b5">
         <name>.text.OUTLINED_FUNCTION_2</name>
         <load_address>0x682c</load_address>
         <readonly>true</readonly>
         <executable>true</executable>
         <run_address>0x682c</run_address>
         <size>0x4</size>
         <alignment>0x2</alignment>
         <input_file_ref idref="fl-29"/>
      </object_component>
      <object_component id="oc-2f">
         <name>.text.Reset_Handler</name>
         <load_address>0x6830</load_address>
         <readonly>true</readonly>
         <executable>true</executable>
         <run_address>0x6830</run_address>
         <size>0x4</size>
         <alignment>0x2</alignment>
         <input_file_ref idref="fl-3"/>
      </object_component>
      <object_component id="oc-85">
         <name>.text._system_pre_init</name>
         <load_address>0x6834</load_address>
         <readonly>true</readonly>
         <executable>true</executable>
         <run_address>0x6834</run_address>
         <size>0x4</size>
         <alignment>0x2</alignment>
         <input_file_ref idref="fl-31"/>
      </object_component>
      <object_component id="oc-116">
         <name>.text:abort</name>
         <load_address>0x6838</load_address>
         <readonly>true</readonly>
         <executable>true</executable>
         <run_address>0x6838</run_address>
         <size>0x4</size>
         <alignment>0x2</alignment>
         <input_file_ref idref="fl-3d"/>
      </object_component>
      <object_component id="oc-2a2">
         <name>.cinit..data.load</name>
         <load_address>0x6b08</load_address>
         <readonly>true</readonly>
         <run_address>0x6b08</run_address>
         <size>0x26</size>
         <alignment>0x1</alignment>
      </object_component>
      <object_component id="oc-2a0">
         <name>__TI_handler_table</name>
         <load_address>0x6b30</load_address>
         <readonly>true</readonly>
         <run_address>0x6b30</run_address>
         <size>0xc</size>
         <alignment>0x4</alignment>
      </object_component>
      <object_component id="oc-2a3">
         <name>.cinit..bss.load</name>
         <load_address>0x6b3c</load_address>
         <readonly>true</readonly>
         <run_address>0x6b3c</run_address>
         <size>0x8</size>
         <alignment>0x4</alignment>
      </object_component>
      <object_component id="oc-2a1">
         <name>__TI_cinit_table</name>
         <load_address>0x6b44</load_address>
         <readonly>true</readonly>
         <run_address>0x6b44</run_address>
         <size>0x10</size>
         <alignment>0x4</alignment>
      </object_component>
      <object_component id="oc-185">
         <name>.rodata.gSYSPLLConfig</name>
         <load_address>0x6840</load_address>
         <readonly>true</readonly>
         <run_address>0x6840</run_address>
         <size>0x28</size>
         <alignment>0x4</alignment>
         <input_file_ref idref="fl-2"/>
      </object_component>
      <object_component id="oc-ee">
         <name>.rodata.str1.147946157300803064741</name>
         <load_address>0x6868</load_address>
         <readonly>true</readonly>
         <run_address>0x6868</run_address>
         <size>0x1b</size>
         <alignment>0x1</alignment>
         <input_file_ref idref="fl-1"/>
      </object_component>
      <object_component id="oc-f1">
         <name>.rodata.str1.139077456884385666641</name>
         <load_address>0x6883</load_address>
         <readonly>true</readonly>
         <run_address>0x6883</run_address>
         <size>0x18</size>
         <alignment>0x1</alignment>
         <input_file_ref idref="fl-1"/>
      </object_component>
      <object_component id="oc-100">
         <name>.rodata.str1.111228983461125939371</name>
         <load_address>0x689b</load_address>
         <readonly>true</readonly>
         <run_address>0x689b</run_address>
         <size>0x17</size>
         <alignment>0x1</alignment>
         <input_file_ref idref="fl-1"/>
      </object_component>
      <object_component id="oc-109">
         <name>.rodata.str1.146319754047764225211</name>
         <load_address>0x68b2</load_address>
         <readonly>true</readonly>
         <run_address>0x68b2</run_address>
         <size>0x17</size>
         <alignment>0x1</alignment>
         <input_file_ref idref="fl-1"/>
      </object_component>
      <object_component id="oc-113">
         <name>.rodata.str1.149872323221509274931</name>
         <load_address>0x68c9</load_address>
         <readonly>true</readonly>
         <run_address>0x68c9</run_address>
         <size>0x17</size>
         <alignment>0x1</alignment>
         <input_file_ref idref="fl-1"/>
      </object_component>
      <object_component id="oc-10e">
         <name>.rodata.str1.163530065650282914781</name>
         <load_address>0x68e0</load_address>
         <readonly>true</readonly>
         <run_address>0x68e0</run_address>
         <size>0x17</size>
         <alignment>0x1</alignment>
         <input_file_ref idref="fl-1"/>
      </object_component>
      <object_component id="oc-102">
         <name>.rodata.str1.166907817962267532831</name>
         <load_address>0x68f7</load_address>
         <readonly>true</readonly>
         <run_address>0x68f7</run_address>
         <size>0x17</size>
         <alignment>0x1</alignment>
         <input_file_ref idref="fl-1"/>
      </object_component>
      <object_component id="oc-111">
         <name>.rodata.str1.32943684556373896651</name>
         <load_address>0x690e</load_address>
         <readonly>true</readonly>
         <run_address>0x690e</run_address>
         <size>0x17</size>
         <alignment>0x1</alignment>
         <input_file_ref idref="fl-1"/>
      </object_component>
      <object_component id="oc-f6">
         <name>.rodata.str1.57942062531173785481</name>
         <load_address>0x6925</load_address>
         <readonly>true</readonly>
         <run_address>0x6925</run_address>
         <size>0x17</size>
         <alignment>0x1</alignment>
         <input_file_ref idref="fl-1"/>
      </object_component>
      <object_component id="oc-108">
         <name>.rodata.str1.68819127643619956981</name>
         <load_address>0x693c</load_address>
         <readonly>true</readonly>
         <run_address>0x693c</run_address>
         <size>0x17</size>
         <alignment>0x1</alignment>
         <input_file_ref idref="fl-1"/>
      </object_component>
      <object_component id="oc-107">
         <name>.rodata.str1.94767178953553454811</name>
         <load_address>0x6953</load_address>
         <readonly>true</readonly>
         <run_address>0x6953</run_address>
         <size>0x17</size>
         <alignment>0x1</alignment>
         <input_file_ref idref="fl-1"/>
      </object_component>
      <object_component id="oc-104">
         <name>.rodata.str1.95682610339103205621</name>
         <load_address>0x696a</load_address>
         <readonly>true</readonly>
         <run_address>0x696a</run_address>
         <size>0x17</size>
         <alignment>0x1</alignment>
         <input_file_ref idref="fl-1"/>
      </object_component>
      <object_component id="oc-ff">
         <name>.rodata.str1.60666121945688809121</name>
         <load_address>0x6981</load_address>
         <readonly>true</readonly>
         <run_address>0x6981</run_address>
         <size>0x16</size>
         <alignment>0x1</alignment>
         <input_file_ref idref="fl-1"/>
      </object_component>
      <object_component id="oc-112">
         <name>.rodata.str1.76645457832911778821</name>
         <load_address>0x6997</load_address>
         <readonly>true</readonly>
         <run_address>0x6997</run_address>
         <size>0x16</size>
         <alignment>0x1</alignment>
         <input_file_ref idref="fl-1"/>
      </object_component>
      <object_component id="oc-e9">
         <name>.rodata.str1.105752012968699061811</name>
         <load_address>0x69ad</load_address>
         <readonly>true</readonly>
         <run_address>0x69ad</run_address>
         <size>0x13</size>
         <alignment>0x1</alignment>
         <input_file_ref idref="fl-1"/>
      </object_component>
      <object_component id="oc-115">
         <name>.rodata.str1.108305981989052035271</name>
         <load_address>0x69c0</load_address>
         <readonly>true</readonly>
         <run_address>0x69c0</run_address>
         <size>0x13</size>
         <alignment>0x1</alignment>
         <input_file_ref idref="fl-1"/>
      </object_component>
      <object_component id="oc-fd">
         <name>.rodata.str1.120494147782618166261</name>
         <load_address>0x69d3</load_address>
         <readonly>true</readonly>
         <run_address>0x69d3</run_address>
         <size>0x13</size>
         <alignment>0x1</alignment>
         <input_file_ref idref="fl-1"/>
      </object_component>
      <object_component id="oc-ec">
         <name>.rodata.str1.133589540227269103571</name>
         <load_address>0x69e6</load_address>
         <readonly>true</readonly>
         <run_address>0x69e6</run_address>
         <size>0x13</size>
         <alignment>0x1</alignment>
         <input_file_ref idref="fl-1"/>
      </object_component>
      <object_component id="oc-e8">
         <name>.rodata.str1.156417638860637174661</name>
         <load_address>0x69f9</load_address>
         <readonly>true</readonly>
         <run_address>0x69f9</run_address>
         <size>0x13</size>
         <alignment>0x1</alignment>
         <input_file_ref idref="fl-1"/>
      </object_component>
      <object_component id="oc-bf">
         <name>.rodata.str1.156833227963823547441</name>
         <load_address>0x6a0c</load_address>
         <readonly>true</readonly>
         <run_address>0x6a0c</run_address>
         <size>0x13</size>
         <alignment>0x1</alignment>
         <input_file_ref idref="fl-1"/>
      </object_component>
      <object_component id="oc-c0">
         <name>.rodata.str1.181942771312927433291</name>
         <load_address>0x6a1f</load_address>
         <readonly>true</readonly>
         <run_address>0x6a1f</run_address>
         <size>0x13</size>
         <alignment>0x1</alignment>
         <input_file_ref idref="fl-1"/>
      </object_component>
      <object_component id="oc-fc">
         <name>.rodata.str1.40310311934103434951</name>
         <load_address>0x6a32</load_address>
         <readonly>true</readonly>
         <run_address>0x6a32</run_address>
         <size>0x13</size>
         <alignment>0x1</alignment>
         <input_file_ref idref="fl-1"/>
      </object_component>
      <object_component id="oc-be">
         <name>.rodata.str1.46818217586041174251</name>
         <load_address>0x6a45</load_address>
         <readonly>true</readonly>
         <run_address>0x6a45</run_address>
         <size>0x13</size>
         <alignment>0x1</alignment>
         <input_file_ref idref="fl-1"/>
      </object_component>
      <object_component id="oc-101">
         <name>.rodata.str1.54877685161904032711</name>
         <load_address>0x6a58</load_address>
         <readonly>true</readonly>
         <run_address>0x6a58</run_address>
         <size>0x12</size>
         <alignment>0x1</alignment>
         <input_file_ref idref="fl-1"/>
      </object_component>
      <object_component id="oc-106">
         <name>.rodata.str1.64370950003226592081</name>
         <load_address>0x6a6a</load_address>
         <readonly>true</readonly>
         <run_address>0x6a6a</run_address>
         <size>0x12</size>
         <alignment>0x1</alignment>
         <input_file_ref idref="fl-1"/>
      </object_component>
      <object_component id="oc-f4">
         <name>.rodata.str1.72103186525765581891</name>
         <load_address>0x6a7c</load_address>
         <readonly>true</readonly>
         <run_address>0x6a7c</run_address>
         <size>0x12</size>
         <alignment>0x1</alignment>
         <input_file_ref idref="fl-1"/>
      </object_component>
      <object_component id="oc-f5">
         <name>.rodata.str1.144873409461723354461</name>
         <load_address>0x6a8e</load_address>
         <readonly>true</readonly>
         <run_address>0x6a8e</run_address>
         <size>0x11</size>
         <alignment>0x1</alignment>
         <input_file_ref idref="fl-1"/>
      </object_component>
      <object_component id="oc-1e2">
         <name>.rodata.str1.44690500295887128011</name>
         <load_address>0x6a9f</load_address>
         <readonly>true</readonly>
         <run_address>0x6a9f</run_address>
         <size>0x11</size>
         <alignment>0x1</alignment>
         <input_file_ref idref="fl-36"/>
      </object_component>
      <object_component id="oc-18f">
         <name>.rodata.gCAPTURE_0CaptureConfig</name>
         <load_address>0x6ab0</load_address>
         <readonly>true</readonly>
         <run_address>0x6ab0</run_address>
         <size>0x10</size>
         <alignment>0x4</alignment>
         <input_file_ref idref="fl-2"/>
      </object_component>
      <object_component id="oc-193">
         <name>.rodata.gUART_0Config</name>
         <load_address>0x6ac0</load_address>
         <readonly>true</readonly>
         <run_address>0x6ac0</run_address>
         <size>0xa</size>
         <alignment>0x2</alignment>
         <input_file_ref idref="fl-2"/>
      </object_component>
      <object_component id="oc-195">
         <name>.rodata.gUART_2Config</name>
         <load_address>0x6aca</load_address>
         <readonly>true</readonly>
         <run_address>0x6aca</run_address>
         <size>0xa</size>
         <alignment>0x2</alignment>
         <input_file_ref idref="fl-2"/>
      </object_component>
      <object_component id="oc-fe">
         <name>.rodata.str1.112493468939964150551</name>
         <load_address>0x6ad4</load_address>
         <readonly>true</readonly>
         <run_address>0x6ad4</run_address>
         <size>0x9</size>
         <alignment>0x1</alignment>
         <input_file_ref idref="fl-1"/>
      </object_component>
      <object_component id="oc-18e">
         <name>.rodata.gCAPTURE_0ClockConfig</name>
         <load_address>0x6add</load_address>
         <readonly>true</readonly>
         <run_address>0x6add</run_address>
         <size>0x3</size>
         <alignment>0x1</alignment>
         <input_file_ref idref="fl-2"/>
      </object_component>
      <object_component id="oc-197">
         <name>.rodata.gADC12_0ClockConfig</name>
         <load_address>0x6ae0</load_address>
         <readonly>true</readonly>
         <run_address>0x6ae0</run_address>
         <size>0x8</size>
         <alignment>0x4</alignment>
         <input_file_ref idref="fl-2"/>
      </object_component>
      <object_component id="oc-198">
         <name>.rodata.gADC12_1ClockConfig</name>
         <load_address>0x6ae8</load_address>
         <readonly>true</readonly>
         <run_address>0x6ae8</run_address>
         <size>0x8</size>
         <alignment>0x4</alignment>
         <input_file_ref idref="fl-2"/>
      </object_component>
      <object_component id="oc-18c">
         <name>.rodata.gPWM_0Config</name>
         <load_address>0x6af0</load_address>
         <readonly>true</readonly>
         <run_address>0x6af0</run_address>
         <size>0x8</size>
         <alignment>0x4</alignment>
         <input_file_ref idref="fl-2"/>
      </object_component>
      <object_component id="oc-f3">
         <name>.rodata.str1.88038893295225124621</name>
         <load_address>0x6af8</load_address>
         <readonly>true</readonly>
         <run_address>0x6af8</run_address>
         <size>0x5</size>
         <alignment>0x1</alignment>
         <input_file_ref idref="fl-1"/>
      </object_component>
      <object_component id="oc-18b">
         <name>.rodata.gPWM_0ClockConfig</name>
         <load_address>0x6afd</load_address>
         <readonly>true</readonly>
         <run_address>0x6afd</run_address>
         <size>0x3</size>
         <alignment>0x1</alignment>
         <input_file_ref idref="fl-2"/>
      </object_component>
      <object_component id="oc-192">
         <name>.rodata.gUART_0ClockConfig</name>
         <load_address>0x6b00</load_address>
         <readonly>true</readonly>
         <run_address>0x6b00</run_address>
[...]
      </symbol>
      <symbol id="sm-128">
         <name>I2C1_IRQHandler</name>
         <value>0x557b</value>
         <object_component_ref idref="oc-33"/>
      </symbol>
      <symbol id="sm-129">
         <name>AES_IRQHandler</name>
         <value>0x557b</value>
         <object_component_ref idref="oc-33"/>
      </symbol>
      <symbol id="sm-12a">
         <name>RTC_IRQHandler</name>
         <value>0x557b</value>
         <object_component_ref idref="oc-33"/>
      </symbol>
      <symbol id="sm-12b">
         <name>DMA_IRQHandler</name>
         <value>0x557b</value>
         <object_component_ref idref="oc-33"/>
      </symbol>
      <symbol id="sm-148">
         <name>AD9959_init</name>
         <value>0x4005</value>
         <object_component_ref idref="oc-199"/>
      </symbol>
      <symbol id="sm-149">
         <name>AD9959_writeDataSlow</name>
         <value>0x4531</value>
         <object_component_ref idref="oc-1da"/>
      </symbol>
      <symbol id="sm-14a">
         <name>FR1_DATA</name>
         <value>0x2020047c</value>
         <object_component_ref idref="oc-1db"/>
      </symbol>
      <symbol id="sm-14b">
         <name>AD9959_IOUpdate</name>
         <value>0x6605</value>
         <object_component_ref idref="oc-167"/>
      </symbol>
      <symbol id="sm-14c">
         <name>AD9959_writeData</name>
         <value>0x4e4d</value>
         <object_component_ref idref="oc-1ac"/>
      </symbol>
      <symbol id="sm-14d">
         <name>ACC_FRE_FACTOR</name>
         <value>0x20200458</value>
         <object_component_ref idref="oc-1b1"/>
      </symbol>
      <symbol id="sm-14e">
         <name>AD9959_setFreq</name>
         <value>0x5e55</value>
         <object_component_ref idref="oc-15d"/>
      </symbol>
      <symbol id="sm-14f">
         <name>AD9959_setAmp</name>
         <value>0x63b5</value>
         <object_component_ref idref="oc-164"/>
      </symbol>
      <symbol id="sm-150">
         <name>AD9959_setPhase</name>
         <value>0x6551</value>
         <object_component_ref idref="oc-163"/>
      </symbol>
      <symbol id="sm-163">
         <name>DDS_init</name>
         <value>0x67ef</value>
         <object_component_ref idref="oc-144"/>
      </symbol>
      <symbol id="sm-164">
         <name>DDS_singleTone</name>
         <value>0x66a5</value>
         <object_component_ref idref="oc-145"/>
      </symbol>
      <symbol id="sm-165">
         <name>DDS_initSweep</name>
         <value>0x6575</value>
         <object_component_ref idref="oc-147"/>
      </symbol>
      <symbol id="sm-166">
         <name>DDS_sweep</name>
         <value>0x5615</value>
         <object_component_ref idref="oc-cd"/>
      </symbol>
      <symbol id="sm-167">
         <name>DDS_update</name>
         <value>0x67f7</value>
         <object_component_ref idref="oc-d3"/>
      </symbol>
      <symbol id="sm-175">
         <name>Tick_delay</name>
         <value>0x6665</value>
         <object_component_ref idref="oc-146"/>
      </symbol>
      <symbol id="sm-176">
         <name>Tick</name>
         <value>0x20200464</value>
         <object_component_ref idref="oc-63"/>
      </symbol>
      <symbol id="sm-177">
         <name>SysTick_Handler</name>
         <value>0x64d9</value>
         <object_component_ref idref="oc-34"/>
      </symbol>
      <symbol id="sm-19c">
         <name>delay</name>
         <value>0x6685</value>
         <object_component_ref idref="oc-c2"/>
      </symbol>
      <symbol id="sm-19d">
         <name>delay_tick</name>
         <value>0x20200486</value>
         <object_component_ref idref="oc-66"/>
      </symbol>
      <symbol id="sm-19e">
         <name>log_base</name>
         <value>0x66c3</value>
         <object_component_ref idref="oc-f7"/>
      </symbol>
      <symbol id="sm-19f">
         <name>UserTask_init</name>
         <value>0x50b9</value>
         <object_component_ref idref="oc-a8"/>
      </symbol>
      <symbol id="sm-1a0">
         <name>SingleTone</name>
         <value>0x202003c0</value>
         <object_component_ref idref="oc-148"/>
      </symbol>
      <symbol id="sm-1a1">
         <name>Sweep</name>
         <value>0x2020036c</value>
         <object_component_ref idref="oc-bd"/>
      </symbol>
      <symbol id="sm-1a2">
         <name>UserTask_loop</name>
         <value>0x5e11</value>
         <object_component_ref idref="oc-b8"/>
      </symbol>
      <symbol id="sm-1a3">
         <name>SweepTick</name>
         <value>0x20200480</value>
         <object_component_ref idref="oc-64"/>
      </symbol>
      <symbol id="sm-1a4">
         <name>DDS_SWEEP_TIME</name>
         <value>0x2020047f</value>
         <object_component_ref idref="oc-105"/>
      </symbol>
      <symbol id="sm-1a5">
         <name>Test_min</name>
         <value>0x5a69</value>
         <object_component_ref idref="oc-c1"/>
      </symbol>
      <symbol id="sm-1a6">
         <name>adc_value</name>
         <value>0x20200304</value>
      </symbol>
      <symbol id="sm-1a7">
         <name>adc_min</name>
         <value>0x20200482</value>
         <object_component_ref idref="oc-ef"/>
      </symbol>
      <symbol id="sm-1a8">
         <name>testfirst_flag</name>
         <value>0x2020049b</value>
         <object_component_ref idref="oc-157"/>
      </symbol>
      <symbol id="sm-1a9">
         <name>freq_xiezhen</name>
         <value>0x202002f8</value>
      </symbol>
      <symbol id="sm-1aa">
         <name>length</name>
         <value>0x2020046c</value>
         <object_component_ref idref="oc-e7"/>
      </symbol>
      <symbol id="sm-1ab">
         <name>Set_xiezhen</name>
         <value>0x5c41</value>
         <object_component_ref idref="oc-cc"/>
      </symbol>
      <symbol id="sm-1ac">
         <name>StepSet</name>
         <value>0x20200460</value>
         <object_component_ref idref="oc-114"/>
      </symbol>
      <symbol id="sm-1ad">
         <name>Set_Saopin</name>
         <value>0x631d</value>
         <object_component_ref idref="oc-cb"/>
      </symbol>
      <symbol id="sm-1ae">
         <name>Set_Saopin_SFTP</name>
         <value>0x5fc9</value>
         <object_component_ref idref="oc-10f"/>
      </symbol>
      <symbol id="sm-1af">
         <name>Set_Saopin_FTP</name>
         <value>0x5f8d</value>
         <object_component_ref idref="oc-103"/>
      </symbol>
      <symbol id="sm-1b0">
         <name>Set_Saopin_UTP</name>
         <value>0x6005</value>
         <object_component_ref idref="oc-110"/>
      </symbol>
      <symbol id="sm-1b1">
         <name>flag_FTP</name>
         <value>0x20200499</value>
         <object_component_ref idref="oc-f0"/>
      </symbol>
      <symbol id="sm-1b2">
         <name>__TI_ATRegion0_src_addr</name>
         <value>0x0</value>
      </symbol>
      <symbol id="sm-1b3">
         <name>__TI_ATRegion0_trg_addr</name>
         <value>0x0</value>
      </symbol>
      <symbol id="sm-1b4">
         <name>__TI_ATRegion0_region_sz</name>
         <value>0x0</value>
      </symbol>
      <symbol id="sm-1b5">
         <name>__TI_ATRegion1_src_addr</name>
         <value>0x0</value>
      </symbol>
      <symbol id="sm-1b6">
         <name>__TI_ATRegion1_trg_addr</name>
         <value>0x0</value>
      </symbol>
      <symbol id="sm-1b7">
         <name>__TI_ATRegion1_region_sz</name>
         <value>0x0</value>
      </symbol>
      <symbol id="sm-1b8">
         <name>__TI_ATRegion2_src_addr</name>
         <value>0x0</value>
      </symbol>
      <symbol id="sm-1b9">
         <name>__TI_ATRegion2_trg_addr</name>
         <value>0x0</value>
      </symbol>
      <symbol id="sm-1ba">
         <name>__TI_ATRegion2_region_sz</name>
         <value>0x0</value>
      </symbol>
      <symbol id="sm-1c0">
         <name>DL_ADC12_setClockConfig</name>
         <value>0x5ce9</value>
         <object_component_ref idref="oc-196"/>
      </symbol>
      <symbol id="sm-1c3">
         <name>DL_Common_delayCycles</name>
         <value>0x6751</value>
         <object_component_ref idref="oc-d4"/>
      </symbol>
      <symbol id="sm-1ec">
         <name>DL_Timer_setClockConfig</name>
         <value>0x62e9</value>
         <object_component_ref idref="oc-186"/>
      </symbol>
      <symbol id="sm-1ed">
         <name>DL_Timer_setCaptureCompareValue</name>
         <value>0x63e5</value>
         <object_component_ref idref="oc-18a"/>
      </symbol>
      <symbol id="sm-1ee">
         <name>DL_Timer_setCaptureCompareCtl</name>
         <value>0x5f15</value>
         <object_component_ref idref="oc-1d1"/>
      </symbol>
      <symbol id="sm-1ef">
         <name>DL_Timer_setCaptureCompareInput</name>
         <value>0x62b5</value>
         <object_component_ref idref="oc-1d2"/>
      </symbol>
      <symbol id="sm-1f0">
         <name>DL_Timer_initCaptureCombinedMode</name>
         <value>0x5381</value>
         <object_component_ref idref="oc-18d"/>
      </symbol>
      <symbol id="sm-1f1">
         <name>DL_Timer_initPWMMode</name>
         <value>0x4fa9</value>
         <object_component_ref idref="oc-187"/>
      </symbol>
      <symbol id="sm-1f2">
         <name>DL_Timer_setCaptureCompareAction</name>
         <value>0x6281</value>
         <object_component_ref idref="oc-1cf"/>
      </symbol>
      <symbol id="sm-1f3">
         <name>DL_Timer_setCaptureCompareOutCtl</name>
         <value>0x5e95</value>
         <object_component_ref idref="oc-188"/>
      </symbol>
      <symbol id="sm-1f4">
         <name>DL_Timer_getCaptureCompareValue</name>
         <value>0x64b1</value>
         <object_component_ref idref="oc-77"/>
      </symbol>
      <symbol id="sm-1f5">
         <name>DL_Timer_setCaptCompUpdateMethod</name>
         <value>0x624d</value>
         <object_component_ref idref="oc-189"/>
      </symbol>
      <symbol id="sm-1ff">
         <name>DL_UART_init</name>
         <value>0x5d81</value>
         <object_component_ref idref="oc-191"/>
      </symbol>
      <symbol id="sm-200">
         <name>DL_UART_setClockConfig</name>
         <value>0x6599</value>
         <object_component_ref idref="oc-190"/>
      </symbol>
      <symbol id="sm-217">
         <name>DL_SYSCTL_configSYSPLL</name>
         <value>0x51bd</value>
         <object_component_ref idref="oc-183"/>
      </symbol>
      <symbol id="sm-218">
         <name>DL_SYSCTL_switchMCLKfromSYSOSCtoHSCLK</name>
         <value>0x5d35</value>
         <object_component_ref idref="oc-184"/>
      </symbol>
      <symbol id="sm-229">
         <name>sprintf</name>
         <value>0x6215</value>
         <object_component_ref idref="oc-b2"/>
      </symbol>
      <symbol id="sm-23d">
         <name>logf</name>
         <value>0x4a69</value>
         <object_component_ref idref="oc-16e"/>
      </symbol>
      <symbol id="sm-248">
         <name>__aeabi_errno_addr</name>
         <value>0x6801</value>
         <object_component_ref idref="oc-1b8"/>
      </symbol>
      <symbol id="sm-249">
         <name>__aeabi_errno</name>
         <value>0x20200468</value>
         <object_component_ref idref="oc-200"/>
      </symbol>
      <symbol id="sm-257">
         <name>_c_int00_noargs</name>
         <value>0x6529</value>
         <object_component_ref idref="oc-5c"/>
      </symbol>
      <symbol id="sm-258">
         <name>__stack</name>
         <value>0x20207e00</value>
         <object_component_ref idref="oc-1a"/>
      </symbol>
      <symbol id="sm-264">
         <name>__TI_auto_init_nobinit_nopinit</name>
         <value>0x60b9</value>
         <object_component_ref idref="oc-11d"/>
      </symbol>
      <symbol id="sm-26c">
         <name>_system_pre_init</name>
         <value>0x6835</value>
         <object_component_ref idref="oc-85"/>
      </symbol>
      <symbol id="sm-277">
         <name>__TI_zero_init_nomemset</name>
         <value>0x673b</value>
         <object_component_ref idref="oc-53"/>
      </symbol>
      <symbol id="sm-280">
         <name>__TI_decompress_none</name>
         <value>0x678d</value>
         <object_component_ref idref="oc-20"/>
      </symbol>
      <symbol id="sm-28b">
         <name>__TI_decompress_lzss</name>
         <value>0x5839</value>
         <object_component_ref idref="oc-1c"/>
      </symbol>
      <symbol id="sm-2a1">
         <name>__TI_printfi_minimal</name>
         <value>0x47e5</value>
         <object_component_ref idref="oc-19a"/>
      </symbol>
      <symbol id="sm-2b1">
         <name>abort</name>
         <value>0x6839</value>
         <object_component_ref idref="oc-116"/>
      </symbol>
      <symbol id="sm-2b2">
         <name>C$$EXIT</name>
         <value>0x6838</value>
         <object_component_ref idref="oc-116"/>
      </symbol>
      <symbol id="sm-2bf">
         <name>memccpy</name>
         <value>0x65e1</value>
         <object_component_ref idref="oc-1de"/>
      </symbol>
      <symbol id="sm-2d8">
         <name>__aeabi_fadd</name>
         <value>0x52b3</value>
         <object_component_ref idref="oc-f8"/>
      </symbol>
      <symbol id="sm-2d9">
         <name>__addsf3</name>
         <value>0x52b3</value>
         <object_component_ref idref="oc-f8"/>
      </symbol>
      <symbol id="sm-2da">
         <name>__aeabi_fsub</name>
         <value>0x52a9</value>
         <object_component_ref idref="oc-f8"/>
      </symbol>
      <symbol id="sm-2db">
         <name>__subsf3</name>
         <value>0x52a9</value>
         <object_component_ref idref="oc-f8"/>
      </symbol>
      <symbol id="sm-2e1">
         <name>__muldsi3</name>
         <value>0x6131</value>
         <object_component_ref idref="oc-169"/>
      </symbol>
      <symbol id="sm-2e7">
         <name>__aeabi_fmul</name>
         <value>0x56a9</value>
         <object_component_ref idref="oc-e2"/>
      </symbol>
      <symbol id="sm-2e8">
         <name>__mulsf3</name>
         <value>0x56a9</value>
         <object_component_ref idref="oc-e2"/>
      </symbol>
      <symbol id="sm-2f1">
         <name>__aeabi_fdiv</name>
         <value>0x5735</value>
         <object_component_ref idref="oc-aa"/>
      </symbol>
      <symbol id="sm-2f2">
         <name>__divsf3</name>
         <value>0x5735</value>
         <object_component_ref idref="oc-aa"/>
      </symbol>
      <symbol id="sm-2f8">
         <name>__aeabi_f2iz</name>
         <value>0x61dd</value>
         <object_component_ref idref="oc-ae"/>
      </symbol>
      <symbol id="sm-2f9">
         <name>__fixsfsi</name>
         <value>0x61dd</value>
         <object_component_ref idref="oc-ae"/>
      </symbol>
      <symbol id="sm-2ff">
         <name>__aeabi_f2uiz</name>
         <value>0x6351</value>
         <object_component_ref idref="oc-1ad"/>
      </symbol>
      <symbol id="sm-300">
         <name>__fixunssfsi</name>
         <value>0x6351</value>
         <object_component_ref idref="oc-1ad"/>
      </symbol>
      <symbol id="sm-306">
         <name>__aeabi_i2f</name>
         <value>0x6041</value>
         <object_component_ref idref="oc-10a"/>
      </symbol>
      <symbol id="sm-307">
         <name>__floatsisf</name>
         <value>0x6041</value>
         <object_component_ref idref="oc-10a"/>
      </symbol>
      <symbol id="sm-30d">
         <name>__aeabi_ui2f</name>
         <value>0x6501</value>
         <object_component_ref idref="oc-de"/>
      </symbol>
      <symbol id="sm-30e">
         <name>__floatunsisf</name>
         <value>0x6501</value>
         <object_component_ref idref="oc-de"/>
      </symbol>
      <symbol id="sm-314">
         <name>__aeabi_fcmpeq</name>
         <value>0x5acd</value>
         <object_component_ref idref="oc-159"/>
      </symbol>
      <symbol id="sm-315">
         <name>__aeabi_fcmplt</name>
         <value>0x5ae1</value>
         <object_component_ref idref="oc-159"/>
      </symbol>
      <symbol id="sm-316">
         <name>__aeabi_fcmple</name>
         <value>0x5af5</value>
         <object_component_ref idref="oc-159"/>
      </symbol>
      <symbol id="sm-317">
         <name>__aeabi_fcmpge</name>
         <value>0x5b09</value>
         <object_component_ref idref="oc-159"/>
      </symbol>
      <symbol id="sm-318">
         <name>__aeabi_fcmpgt</name>
         <value>0x5b1d</value>
         <object_component_ref idref="oc-159"/>
      </symbol>
      <symbol id="sm-31e">
         <name>__aeabi_memcpy</name>
         <value>0x6809</value>
         <object_component_ref idref="oc-4c"/>
      </symbol>
      <symbol id="sm-31f">
         <name>__aeabi_memcpy4</name>
         <value>0x6809</value>
         <object_component_ref idref="oc-4c"/>
      </symbol>
      <symbol id="sm-320">
         <name>__aeabi_memcpy8</name>
         <value>0x6809</value>
         <object_component_ref idref="oc-4c"/>
      </symbol>
      <symbol id="sm-329">
         <name>__aeabi_memset</name>
         <value>0x67b1</value>
         <object_component_ref idref="oc-1dd"/>
      </symbol>
      <symbol id="sm-32a">
         <name>__aeabi_memset4</name>
         <value>0x67b1</value>
         <object_component_ref idref="oc-1dd"/>
      </symbol>
      <symbol id="sm-32b">
         <name>__aeabi_memset8</name>
         <value>0x67b1</value>
         <object_component_ref idref="oc-1dd"/>
      </symbol>
      <symbol id="sm-32c">
         <name>__aeabi_memclr</name>
         <value>0x67d9</value>
         <object_component_ref idref="oc-80"/>
      </symbol>
      <symbol id="sm-32d">
         <name>__aeabi_memclr4</name>
         <value>0x67d9</value>
         <object_component_ref idref="oc-80"/>
      </symbol>
      <symbol id="sm-32e">
         <name>__aeabi_memclr8</name>
         <value>0x67d9</value>
         <object_component_ref idref="oc-80"/>
      </symbol>
      <symbol id="sm-334">
         <name>__aeabi_uidiv</name>
         <value>0x5ed5</value>
         <object_component_ref idref="oc-b9"/>
      </symbol>
      <symbol id="sm-335">
         <name>__aeabi_uidivmod</name>
         <value>0x5ed5</value>
         <object_component_ref idref="oc-b9"/>
      </symbol>
      <symbol id="sm-33e">
         <name>__eqsf2</name>
         <value>0x60f5</value>
         <object_component_ref idref="oc-1a5"/>
      </symbol>
      <symbol id="sm-33f">
         <name>__lesf2</name>
         <value>0x60f5</value>
         <object_component_ref idref="oc-1a5"/>
      </symbol>
      <symbol id="sm-340">
         <name>__ltsf2</name>
         <value>0x60f5</value>
         <object_component_ref idref="oc-1a5"/>
      </symbol>
      <symbol id="sm-341">
         <name>__nesf2</name>
         <value>0x60f5</value>
         <object_component_ref idref="oc-1a5"/>
      </symbol>
      <symbol id="sm-342">
         <name>__cmpsf2</name>
         <value>0x60f5</value>
         <object_component_ref idref="oc-1a5"/>
      </symbol>
      <symbol id="sm-343">
         <name>__gtsf2</name>
         <value>0x607d</value>
         <object_component_ref idref="oc-1aa"/>
      </symbol>
      <symbol id="sm-344">
         <name>__gesf2</name>
         <value>0x607d</value>
         <object_component_ref idref="oc-1aa"/>
      </symbol>
      <symbol id="sm-34f">
         <name>__aeabi_idiv0</name>
         <value>0x5613</value>
         <object_component_ref idref="oc-150"/>
      </symbol>
      <symbol id="sm-369">
         <name>memcpy</name>
         <value>0x54e1</value>
         <object_component_ref idref="oc-9e"/>
      </symbol>
      <symbol id="sm-378">
         <name>memset</name>
         <value>0x5b2f</value>
         <object_component_ref idref="oc-135"/>
      </symbol>
      <symbol id="sm-379">
         <name>__TI_static_base__</name>
         <value>0x0</value>
      </symbol>
      <symbol id="sm-37d">
         <name>__mpu_init</name>
         <value>0x0</value>
      </symbol>
      <symbol id="sm-37e">
         <name>_system_post_cinit</name>
         <value>0x0</value>
      </symbol>
   </symbol_table>
   <title>Link successful</title>
</link_info>
