******************************************************************************
            TI ARM Clang Linker PC v3.2.2                      
******************************************************************************
>> Linked Thu Oct 16 22:15:51 2025

OUTPUT FILE NAME:   <final.out>
ENTRY POINT SYMBOL: "_c_int00_noargs"  address: 00004ed9


MEMORY CONFIGURATION

         name            origin    length      used     unused   attr    fill
----------------------  --------  ---------  --------  --------  ----  --------
  FLASH                 00000000   00020000  000053a8  0001ac58  R  X
  SRAM                  20200000   00008000  000007c6  0000783a  RW X
  BCR_CONFIG            41c00000   00000080  00000000  00000080  R   
  BSL_CONFIG            41c00100   00000080  00000000  00000080  R   


SEGMENT ALLOCATION MAP

run origin  load origin   length   init length attrs members
----------  ----------- ---------- ----------- ----- -------
00000000    00000000    000053a8   000053a8    r-x
  00000000    00000000    000000c0   000000c0    r-- .intvecs
  000000c0    000000c0    000050d0   000050d0    r-x .text
  00005190    00005190    000001c0   000001c0    r-- .rodata
  00005350    00005350    00000058   00000058    r-- .cinit
20200000    20200000    000005c9   00000000    rw-
  20200000    20200000    000004c9   00000000    rw- .bss
  202004cc    202004cc    000000fd   00000000    rw- .data
20207e00    20207e00    00000200   00000000    rw-
  20207e00    20207e00    00000200   00000000    rw- .stack


SECTION ALLOCATION MAP

 output                                  attributes/
section   page    origin      length       input sections
--------  ----  ----------  ----------   ----------------
.intvecs   0    00000000    000000c0     
                  00000000    000000c0     startup_mspm0g350x_ticlang.o (.intvecs)

.text      0    000000c0    000050d0     
                  000000c0    00000828     empty_mspm0g3507.o (.text.duanlulength)
                  000008e8    00000614     empty_mspm0g3507.o (.text.chuanrao)
                  00000efc    000005b0     UserTask.o (.text.Test_min)
                  000014ac    00000568     empty_mspm0g3507.o (.text.duanluplace)
                  00001a14    00000568     empty_mspm0g3507.o (.text.xianxudianzu)
                  00001f7c    0000052c     AD9959.o (.text.AD9959_init)
                  000024a8    0000049c     empty_mspm0g3507.o (.text.main)
                  00002944    00000404     empty_mspm0g3507.o (.text.jiaosun)
                  00002d48    000003ec     empty_mspm0g3507.o (.text.leixing)
                  00003134    000002ac     AD9959.o (.text.AD9959_writeDataSlow)
                  000033e0    00000284     libc.a : _printfi.c.obj (.text:__TI_printfi_minimal)
                  00003664    00000184     empty_mspm0g3507.o (.text.UART2_IRQHandler)
                  000037e8    0000012c     AD9959.o (.text.AD9959_writeData)
                  00003914    00000110     driverlib.a : dl_timer.o (.text.DL_Timer_initPWMMode)
                  00003a24    0000010c     libclang_rt.builtins.a : divdf3.S.obj (.text.__divdf3)
                  00003b30    000000f8     UserTask.o (.text.UserTask_loop)
                  00003c28    000000ec     driverlib.a : dl_sysctl_mspm0g1x0x_g3x0x.o (.text.DL_SYSCTL_configSYSPLL)
                  00003d14    000000ec     UserTask.o (.text.UserTask_init)
                  00003e00    000000e4     libclang_rt.builtins.a : muldf3.S.obj (.text.__muldf3)
                  00003ee4    000000d8                            : addsf3.S.obj (.text)
                  00003fbc    000000b8     ti_msp_dl_config.o (.text.SYSCFG_DL_GPIO_init)
                  00004074    0000009a     libc.a : memcpy16.S.obj (.text:memcpy)
                  0000410e    00000002     startup_mspm0g350x_ticlang.o (.text.Default_Handler)
                  00004110    0000008c     libclang_rt.builtins.a : mulsf3.S.obj (.text.__mulsf3)
                  0000419c    0000008a     DDS.o (.text.DDS_sweep)
                  00004226    00000002     libclang_rt.builtins.a : aeabi_div0.c.obj (.text.__aeabi_idiv0)
                  00004228    00000082                            : divsf3.S.obj (.text.__divsf3)
                  000042aa    00000002     --HOLE-- [fill = 0]
                  000042ac    00000080     ti_msp_dl_config.o (.text.SYSCFG_DL_ADC12_1_init)
                  0000432c    00000078     ti_msp_dl_config.o (.text.SYSCFG_DL_ADC12_0_init)
                  000043a4    00000078     libc.a : copy_decompress_lzss.c.obj (.text:decompress:lzss)
                  0000441c    00000004            : pre_init.c.obj (.text._system_pre_init)
                  00004420    00000074     libclang_rt.builtins.a : truncdfsf2.S.obj (.text.__truncdfsf2)
                  00004494    00000070     ti_msp_dl_config.o (.text.SYSCFG_DL_UART_0_init)
                  00004504    00000070     ti_msp_dl_config.o (.text.SYSCFG_DL_UART_2_init)
                  00004574    00000068     ti_msp_dl_config.o (.text.SYSCFG_DL_SYSCTL_init)
                  000045dc    00000062     libclang_rt.builtins.a : aeabi_fcmp.S.obj (.text.__aeabi_fcmp)
                  0000463e    00000062     libc.a : memset16.S.obj (.text:memset)
                  000046a0    00000060     ti_msp_dl_config.o (.text.SYSCFG_DL_initPower)
                  00004700    00000058     ti_msp_dl_config.o (.text.SYSCFG_DL_PWM_0_init)
                  00004758    00000054     UserTask.o (.text.fourchoose1)
                  000047ac    0000004c     driverlib.a : dl_adc12.o (.text.DL_ADC12_setClockConfig)
                  000047f8    0000004c                 : dl_sysctl_mspm0g1x0x_g3x0x.o (.text.DL_SYSCTL_switchMCLKfromSYSOSCtoHSCLK)
                  00004844    0000004c                 : dl_uart.o (.text.DL_UART_init)
                  00004890    00000048     UserTask.o (.text.Set_xiezhen)
                  000048d8    00000044     UserTask.o (.text.Set_Saopin)
                  0000491c    00000044     UserTask.o (.text.Set_Saopin_SFTP)
                  00004960    00000040     AD9959.o (.text.AD9959_setFreq)
                  000049a0    00000040     driverlib.a : dl_timer.o (.text.DL_Timer_setCaptureCompareOutCtl)
                  000049e0    00000040     libclang_rt.builtins.a : aeabi_uidivmod.S.obj (.text.__aeabi_uidivmod)
                  00004a20    0000003c     driverlib.a : dl_timer.o (.text.DL_Timer_setCaptureCompareCtl)
                  00004a5c    0000003c     libclang_rt.builtins.a : floatsisf.S.obj (.text.__floatsisf)
                  00004a98    0000003c                            : comparesf2.S.obj (.text.__gtsf2)
                  00004ad4    0000003c     libc.a : autoinit.c.obj (.text:__TI_auto_init_nobinit_nopinit)
                  00004b10    0000003a     libclang_rt.builtins.a : comparesf2.S.obj (.text.__eqsf2)
                  00004b4a    00000002     --HOLE-- [fill = 0]
                  00004b4c    0000003a                            : muldsi3.S.obj (.text.__muldsi3)
                  00004b86    00000002     --HOLE-- [fill = 0]
                  00004b88    00000038                            : fixsfsi.S.obj (.text.__fixsfsi)
                  00004bc0    00000038     libc.a : sprintf.c.obj (.text.sprintf)
                  00004bf8    00000034     driverlib.a : dl_timer.o (.text.DL_Timer_setCaptCompUpdateMethod)
                  00004c2c    00000034                 : dl_timer.o (.text.DL_Timer_setCaptureCompareAction)
                  00004c60    00000034                 : dl_timer.o (.text.DL_Timer_setCaptureCompareInput)
                  00004c94    00000034                 : dl_timer.o (.text.DL_Timer_setClockConfig)
                  00004cc8    00000034     ti_msp_dl_config.o (.text.SYSCFG_DL_init)
                  00004cfc    00000032     libclang_rt.builtins.a : fixunssfsi.S.obj (.text.__fixunssfsi)
                  00004d2e    00000002     --HOLE-- [fill = 0]
                  00004d30    00000030     ti_msp_dl_config.o (.text.SYSCFG_DL_SYSTICK_init)
                  00004d60    0000002e     AD9959.o (.text.AD9959_setAmp)
                  00004d8e    00000002     --HOLE-- [fill = 0]
                  00004d90    0000002c     driverlib.a : dl_timer.o (.text.DL_Timer_setCaptureCompareValue)
                  00004dbc    0000002c     libclang_rt.builtins.a : floatsidf.S.obj (.text.__floatsidf)
                  00004de8    00000028     driverlib.a : dl_adc12.o (.text.DL_Common_updateReg)
                  00004e10    00000028                 : dl_sysctl_mspm0g1x0x_g3x0x.o (.text.DL_Common_updateReg)
                  00004e38    00000028                 : dl_timer.o (.text.DL_Common_updateReg)
                  00004e60    00000028                 : dl_uart.o (.text.DL_Common_updateReg)
                  00004e88    00000028     Tick.o (.text.SysTick_Handler)
                  00004eb0    00000028     libclang_rt.builtins.a : floatunsisf.S.obj (.text.__floatunsisf)
                  00004ed8    00000028     libc.a : boot_cortex_m.c.obj (.text:_c_int00_noargs)
                  00004f00    00000024     AD9959.o (.text.AD9959_setPhase)
                  00004f24    00000024     DDS.o (.text.DDS_initSweep)
                  00004f48    00000024     driverlib.a : dl_uart.o (.text.DL_UART_setClockConfig)
                  00004f6c    00000024     empty_mspm0g3507.o (.text.UART0_IRQHandler)
                  00004f90    00000024     libclang_rt.builtins.a : floatunsidf.S.obj (.text.__floatunsidf)
                  00004fb4    00000022     libc.a : memccpy.c.obj (.text.memccpy)
                  00004fd6    00000002     --HOLE-- [fill = 0]
                  00004fd8    00000020     driverlib.a : dl_sysctl_mspm0g1x0x_g3x0x.o (.text.DL_CORE_configInstruction)
                  00004ff8    00000020                 : dl_timer.o (.text.DL_Timer_setCounterValueAfterEnable)
                  00005018    00000020     Tick.o (.text.Tick_delay)
                  00005038    0000001e     DDS.o (.text.DDS_singleTone)
                  00005056    00000002     --HOLE-- [fill = 0]
                  00005058    0000001c     AD9959.o (.text.AD9959_IOUpdate)
                  00005074    00000018     driverlib.a : dl_sysctl_mspm0g1x0x_g3x0x.o (.text.DL_SYSCTL_setHSCLKSource)
                  0000508c    00000018                 : dl_timer.o (.text.DL_Timer_setLoadValue)
                  000050a4    00000018     libc.a : sprintf.c.obj (.text._outs)
                  000050bc    00000016     driverlib.a : dl_uart.o (.text.DL_UART_disable)
                  000050d2    00000014                 : dl_common.o (.text.DL_Common_delayCycles)
                  000050e6    00000002     --HOLE-- [fill = 0]
                  000050e8    00000014                 : dl_sysctl_mspm0g1x0x_g3x0x.o (.text.DL_SYSCTL_disableSYSPLL)
                  000050fc    00000012     libc.a : copy_decompress_none.c.obj (.text:decompress:none)
                  0000510e    00000002     --HOLE-- [fill = 0]
                  00005110    00000010     driverlib.a : dl_sysctl_mspm0g1x0x_g3x0x.o (.text.DL_CORE_getInstructionConfig)
                  00005120    00000010     libc.a : copy_zero_init.c.obj (.text:decompress:ZI)
                  00005130    0000000e     libclang_rt.builtins.a : aeabi_memset.S.obj (.text.__aeabi_memset)
                  0000513e    0000000e     libc.a : _printfi.c.obj (.text.strlen)
                  0000514c    0000000c     driverlib.a : dl_sysctl_mspm0g1x0x_g3x0x.o (.text.DL_SYSCTL_getClockStatus)
                  00005158    0000000c     libclang_rt.builtins.a : aeabi_memset.S.obj (.text.__aeabi_memclr)
                  00005164    0000000a     libc.a : sprintf.c.obj (.text._outc)
                  0000516e    00000008     DDS.o (.text.DDS_init)
                  00005176    00000008     DDS.o (.text.DDS_update)
                  0000517e    00000002     --HOLE-- [fill = 0]
                  00005180    00000008     libclang_rt.builtins.a : aeabi_memcpy.S.obj (.text.__aeabi_memcpy)
                  00005188    00000004     startup_mspm0g350x_ticlang.o (.text.Reset_Handler)
                  0000518c    00000004     libc.a : exit.c.obj (.text:abort)

.cinit     0    00005350    00000058     
                  00005350    0000002e     (.cinit..data.load) [load image, compression = lzss]
                  0000537e    00000002     --HOLE-- [fill = 0]
                  00005380    0000000c     (__TI_handler_table)
                  0000538c    00000008     (.cinit..bss.load) [load image, compression = zero_init]
                  00005394    00000010     (__TI_cinit_table)
                  000053a4    00000004     --HOLE-- [fill = 0]

.rodata    0    00005190    000001c0     
                  00005190    00000028     ti_msp_dl_config.o (.rodata.gSYSPLLConfig)
                  000051b8    00000019     empty_mspm0g3507.o (.rodata.str1.111228983461125939371)
                  000051d1    00000019     empty_mspm0g3507.o (.rodata.str1.147946157300803064741)
                  000051ea    00000019     empty_mspm0g3507.o (.rodata.str1.64370950003226592081)
                  00005203    00000019     empty_mspm0g3507.o (.rodata.str1.76645457832911778821)
                  0000521c    00000017     empty_mspm0g3507.o (.rodata.str1.156417638860637174661)
                  00005233    00000017     empty_mspm0g3507.o (.rodata.str1.156833227963823547441)
                  0000524a    00000017     empty_mspm0g3507.o (.rodata.str1.181942771312927433291)
                  00005261    00000017     empty_mspm0g3507.o (.rodata.str1.54877685161904032711)
                  00005278    00000017     empty_mspm0g3507.o (.rodata.str1.72103186525765581891)
                  0000528f    00000016     empty_mspm0g3507.o (.rodata.str1.46818217586041174251)
                  000052a5    00000013     empty_mspm0g3507.o (.rodata.str1.105752012968699061811)
                  000052b8    00000013     empty_mspm0g3507.o (.rodata.str1.112493468939964150551)
                  000052cb    00000013     empty_mspm0g3507.o (.rodata.str1.139077456884385666641)
                  000052de    00000013     empty_mspm0g3507.o (.rodata.str1.149872323221509274931)
                  000052f1    00000013     empty_mspm0g3507.o (.rodata.str1.60666121945688809121)
                  00005304    00000011     libc.a : _printfi.c.obj (.rodata.str1.44690500295887128011)
                  00005315    00000001     --HOLE-- [fill = 0]
                  00005316    0000000a     ti_msp_dl_config.o (.rodata.gUART_0Config)
                  00005320    0000000a     ti_msp_dl_config.o (.rodata.gUART_2Config)
                  0000532a    00000002     ti_msp_dl_config.o (.rodata.gUART_0ClockConfig)
                  0000532c    00000008     ti_msp_dl_config.o (.rodata.gADC12_0ClockConfig)
                  00005334    00000008     ti_msp_dl_config.o (.rodata.gADC12_1ClockConfig)
                  0000533c    00000008     ti_msp_dl_config.o (.rodata.gPWM_0Config)
                  00005344    00000003     ti_msp_dl_config.o (.rodata.gPWM_0ClockConfig)
                  00005347    00000002     ti_msp_dl_config.o (.rodata.gUART_2ClockConfig)
                  00005349    00000007     --HOLE-- [fill = 0]

.init_array 
*          0    00000000    00000000     UNINITIALIZED

.binit     0    00000000    00000000     

.bss       0    20200000    000004c9     UNINITIALIZED
                  20200000    00000078     (.common:gPWM_0Backup)
                  20200078    00000064     (.common:gAdcResult0)
                  202000dc    00000064     (.common:gAdcResult1)
                  20200140    00000064     (.common:gAdcResult2)
                  202001a4    00000064     (.common:gAdcResult3)
                  20200208    00000064     (.common:gAdcResult4)
                  2020026c    00000064     (.common:gAdcResult5)
                  202002d0    00000064     (.common:gAdcResult6)
                  20200334    00000064     (.common:gAdcResult7)
                  20200398    00000064     (.common:gAdcResult8)
                  202003fc    00000064     (.common:gAdcResult9)
                  20200460    00000020     (.common:uart_buffer)
                  20200480    00000020     (.common:uart_bufferx)
                  202004a0    00000014     (.common:length_history)
                  202004b4    00000004     (.common:freq_xiezhen)
                  202004b8    00000004     (.common:freq_xiezhen_cu)
                  202004bc    00000004     (.common:length_real)
                  202004c0    00000004     (.common:loss)
                  202004c4    00000004     (.common:r)
                  202004c8    00000001     (.common:js)

.data      0    202004cc    000000fd     UNINITIALIZED
                  202004cc    00000054     UserTask.o (.data.Sweep)
                  20200520    00000032     empty_mspm0g3507.o (.data.output_buff)
                  20200552    00000002     UserTask.o (.data.SweepTick)
                  20200554    00000020     UserTask.o (.data.SingleTone)
                  20200574    00000004     AD9959.o (.data.ACC_FRE_FACTOR)
                  20200578    00000004     UserTask.o (.data.StepSet)
                  2020057c    00000004     Tick.o (.data.Tick)
                  20200580    00000004     empty_mspm0g3507.o (.data.jz)
                  20200584    00000004     UserTask.o (.data.length)
                  20200588    00000004     UserTask.o (.data.lengthjie)
                  2020058c    00000004     empty_mspm0g3507.o (.data.lx)
                  20200590    00000004     empty_mspm0g3507.o (.data.uart_data1)
                  20200594    00000004     empty_mspm0g3507.o (.data.uart_data)
                  20200598    00000004     UserTask.o (.data.xishu)
                  2020059c    00000004     UserTask.o (.data.xishu_k)
                  202005a0    00000003     AD9959.o (.data.FR1_DATA)
                  202005a3    00000001     UserTask.o (.data.DDS_SWEEP_TIME)
                  202005a4    00000002     UserTask.o (.data.adc_max)
                  202005a6    00000002     UserTask.o (.data.adc_min)
                  202005a8    00000002     empty_mspm0g3507.o (.data.button)
                  202005aa    00000002     empty_mspm0g3507.o (.data.cnt)
                  202005ac    00000002     UserTask.o (.data.delay_tick)
                  202005ae    00000002     empty_mspm0g3507.o (.data.duan_or_kai)
                  202005b0    00000002     empty_mspm0g3507.o (.data.i0)
                  202005b2    00000002     empty_mspm0g3507.o (.data.i1)
                  202005b4    00000002     empty_mspm0g3507.o (.data.vpp)
                  202005b6    00000002     empty_mspm0g3507.o (.data.vpp_output1)
                  202005b8    00000001     empty_mspm0g3507.o (.data.buf_index)
                  202005b9    00000001     empty_mspm0g3507.o (.data.buf_index_flag)
                  202005ba    00000001     empty_mspm0g3507.o (.data.buf_index_flagx)
                  202005bb    00000001     empty_mspm0g3507.o (.data.buf_indexx)
                  202005bc    00000001     empty_mspm0g3507.o (.data.ch_duan)
                  202005bd    00000001     empty_mspm0g3507.o (.data.ch_kai)
                  202005be    00000001     empty_mspm0g3507.o (.data.duanlu1)
                  202005bf    00000001     empty_mspm0g3507.o (.data.duanlu2)
                  202005c0    00000001     empty_mspm0g3507.o (.data.duanlu3)
                  202005c1    00000001     empty_mspm0g3507.o (.data.duanlu4)
                  202005c2    00000001     empty_mspm0g3507.o (.data.fall)
                  202005c3    00000001     UserTask.o (.data.flag_saoduanlu)
                  202005c4    00000001     UserTask.o (.data.flag_saolength)
                  202005c5    00000001     UserTask.o (.data.hist_idx)
                  202005c6    00000001     UserTask.o (.data.testfirst_flag)
                  202005c7    00000001     UserTask.o (.data.valid_count)
                  202005c8    00000001     UserTask.o (.data.xiezhen_flag)

.stack     0    20207e00    00000200     UNINITIALIZED
                  20207e00    00000004     libc.a : boot_cortex_m.c.obj (.stack)
                  20207e04    000001fc     --HOLE--

__llvm_prf_cnts 
*          0    20200000    00000000     UNINITIALIZED

__llvm_prf_bits 
*          0    20200000    00000000     UNINITIALIZED

MODULE SUMMARY

       Module                         code    ro data   rw data
       ------                         ----    -------   -------
    .\
       empty_mspm0g3507.o             10048   332       1168   
       startup_mspm0g350x_ticlang.o   6       192       0      
    +--+------------------------------+-------+---------+---------+
       Total:                         10054   524       1168   
                                                               
    .\User\
       AD9959.o                       2482    0         7      
       UserTask.o                     2232    0         179    
       DDS.o                          220     0         0      
       Tick.o                         72      0         4      
    +--+------------------------------+-------+---------+---------+
       Total:                         5006    0         190    
                                                               
    .\syscfg\
       ti_msp_dl_config.o             1044    91        120    
    +--+------------------------------+-------+---------+---------+
       Total:                         1044    91        120    
                                                               
    C:/ti/mspm0_sdk_2_01_00_03/source/ti/driverlib/lib/ticlang/m0p/mspm0g1x0x_g3x0x/driverlib.a
       dl_timer.o                     744     0         0      
       dl_sysctl_mspm0g1x0x_g3x0x.o   456     0         0      
       dl_uart.o                      174     0         0      
       dl_adc12.o                     116     0         0      
       dl_common.o                    20      0         0      
    +--+------------------------------+-------+---------+---------+
       Total:                         1510    0         0      
                                                               
    C:\ti\ccs1270\ccs\tools\compiler\ti-cgt-armllvm_3.2.2.LTS\lib\armv6m-ti-none-eabi/c/libc.a
       _printfi.c.obj                 658     17        0      
       memcpy16.S.obj                 154     0         0      
       copy_decompress_lzss.c.obj     120     0         0      
       memset16.S.obj                 98      0         0      
       sprintf.c.obj                  90      0         0      
       autoinit.c.obj                 60      0         0      
       boot_cortex_m.c.obj            40      0         0      
       memccpy.c.obj                  34      0         0      
       copy_decompress_none.c.obj     18      0         0      
       copy_zero_init.c.obj           16      0         0      
       exit.c.obj                     4       0         0      
       pre_init.c.obj                 4       0         0      
    +--+------------------------------+-------+---------+---------+
       Total:                         1296    17        0      
                                                               
    C:\ti\ccs1270\ccs\tools\compiler\ti-cgt-armllvm_3.2.2.LTS\lib\clang/15.0.7/lib/armv6m-ti-none-eabi/libclang_rt.builtins.a
       divdf3.S.obj                   268     0         0      
       muldf3.S.obj                   228     0         0      
       addsf3.S.obj                   216     0         0      
       mulsf3.S.obj                   140     0         0      
       divsf3.S.obj                   130     0         0      
       comparesf2.S.obj               118     0         0      
       truncdfsf2.S.obj               116     0         0      
       aeabi_fcmp.S.obj               98      0         0      
       aeabi_uidivmod.S.obj           64      0         0      
       floatsisf.S.obj                60      0         0      
       muldsi3.S.obj                  58      0         0      
       fixsfsi.S.obj                  56      0         0      
       fixunssfsi.S.obj               50      0         0      
       floatsidf.S.obj                44      0         0      
       floatunsisf.S.obj              40      0         0      
       floatunsidf.S.obj              36      0         0      
       aeabi_memset.S.obj             26      0         0      
       aeabi_memcpy.S.obj             8       0         0      
       aeabi_div0.c.obj               2       0         0      
    +--+------------------------------+-------+---------+---------+
       Total:                         1758    0         0      
                                                               
       Stack:                         0       0         512    
       Linker Generated:              0       82        0      
    +--+------------------------------+-------+---------+---------+
       Grand Total:                   20668   714       1990   


LINKER GENERATED COPY TABLES

__TI_cinit_table @ 00005394 records: 2, size/record: 8, table size: 16
	.data: load addr=00005350, load size=0000002e bytes, run addr=202004cc, run size=000000fd bytes, compression=lzss
	.bss: load addr=0000538c, load size=00000008 bytes, run addr=20200000, run size=000004c9 bytes, compression=zero_init


LINKER GENERATED HANDLER TABLE

__TI_handler_table @ 00005380 records: 3, size/record: 4, table size: 12
	index: 0, handler: __TI_decompress_lzss
	index: 1, handler: __TI_decompress_none
	index: 2, handler: __TI_zero_init


GLOBAL SYMBOLS: SORTED ALPHABETICALLY BY Name 

address   name                                 
-------   ----                                 
20200574  ACC_FRE_FACTOR                       
00005059  AD9959_IOUpdate                      
00001f7d  AD9959_init                          
00004d61  AD9959_setAmp                        
00004961  AD9959_setFreq                       
00004f01  AD9959_setPhase                      
000037e9  AD9959_writeData                     
00003135  AD9959_writeDataSlow                 
0000410f  ADC0_IRQHandler                      
0000410f  ADC1_IRQHandler                      
0000410f  AES_IRQHandler                       
0000518c  C$$EXIT                              
0000410f  CANFD0_IRQHandler                    
0000410f  DAC0_IRQHandler                      
202005a3  DDS_SWEEP_TIME                       
0000516f  DDS_init                             
00004f25  DDS_initSweep                        
00005039  DDS_singleTone                       
0000419d  DDS_sweep                            
00005177  DDS_update                           
000047ad  DL_ADC12_setClockConfig              
000050d3  DL_Common_delayCycles                
00003c29  DL_SYSCTL_configSYSPLL               
000047f9  DL_SYSCTL_switchMCLKfromSYSOSCtoHSCLK
00003915  DL_Timer_initPWMMode                 
00004bf9  DL_Timer_setCaptCompUpdateMethod     
00004c2d  DL_Timer_setCaptureCompareAction     
00004a21  DL_Timer_setCaptureCompareCtl        
00004c61  DL_Timer_setCaptureCompareInput      
000049a1  DL_Timer_setCaptureCompareOutCtl     
00004d91  DL_Timer_setCaptureCompareValue      
00004c95  DL_Timer_setClockConfig              
00004845  DL_UART_init                         
00004f49  DL_UART_setClockConfig               
0000410f  DMA_IRQHandler                       
0000410f  Default_Handler                      
202005a0  FR1_DATA                             
0000410f  GROUP0_IRQHandler                    
0000410f  GROUP1_IRQHandler                    
0000410f  HardFault_Handler                    
0000410f  I2C0_IRQHandler                      
0000410f  I2C1_IRQHandler                      
0000410f  NMI_Handler                          
0000410f  PendSV_Handler                       
0000410f  RTC_IRQHandler                       
00005189  Reset_Handler                        
0000410f  SPI0_IRQHandler                      
0000410f  SPI1_IRQHandler                      
0000410f  SVC_Handler                          
0000432d  SYSCFG_DL_ADC12_0_init               
000042ad  SYSCFG_DL_ADC12_1_init               
00003fbd  SYSCFG_DL_GPIO_init                  
00004701  SYSCFG_DL_PWM_0_init                 
00004575  SYSCFG_DL_SYSCTL_init                
00004d31  SYSCFG_DL_SYSTICK_init               
00004495  SYSCFG_DL_UART_0_init                
00004505  SYSCFG_DL_UART_2_init                
00004cc9  SYSCFG_DL_init                       
000046a1  SYSCFG_DL_initPower                  
000048d9  Set_Saopin                           
0000491d  Set_Saopin_SFTP                      
00004891  Set_xiezhen                          
20200554  SingleTone                           
20200578  StepSet                              
202004cc  Sweep                                
20200552  SweepTick                            
00004e89  SysTick_Handler                      
0000410f  TIMA0_IRQHandler                     
0000410f  TIMA1_IRQHandler                     
0000410f  TIMG0_IRQHandler                     
0000410f  TIMG12_IRQHandler                    
0000410f  TIMG6_IRQHandler                     
0000410f  TIMG7_IRQHandler                     
0000410f  TIMG8_IRQHandler                     
00000efd  Test_min                             
2020057c  Tick                                 
00005019  Tick_delay                           
00004f6d  UART0_IRQHandler                     
0000410f  UART1_IRQHandler                     
00003665  UART2_IRQHandler                     
0000410f  UART3_IRQHandler                     
00003d15  UserTask_init                        
00003b31  UserTask_loop                        
20208000  __STACK_END                          
00000200  __STACK_SIZE                         
00000000  __TI_ATRegion0_region_sz             
00000000  __TI_ATRegion0_src_addr              
00000000  __TI_ATRegion0_trg_addr              
00000000  __TI_ATRegion1_region_sz             
00000000  __TI_ATRegion1_src_addr              
00000000  __TI_ATRegion1_trg_addr              
00000000  __TI_ATRegion2_region_sz             
00000000  __TI_ATRegion2_src_addr              
00000000  __TI_ATRegion2_trg_addr              
00005394  __TI_CINIT_Base                      
000053a4  __TI_CINIT_Limit                     
000053a4  __TI_CINIT_Warm                      
00005380  __TI_Handler_Table_Base              
0000538c  __TI_Handler_Table_Limit             
00004ad5  __TI_auto_init_nobinit_nopinit       
000043a5  __TI_decompress_lzss                 
000050fd  __TI_decompress_none                 
ffffffff  __TI_pprof_out_hndl                  
000033e1  __TI_printfi_minimal                 
ffffffff  __TI_prof_data_size                  
ffffffff  __TI_prof_data_start                 
00000000  __TI_static_base__                   
00005121  __TI_zero_init                       
00003eef  __addsf3                             
00004421  __aeabi_d2f                          
00003a25  __aeabi_ddiv                         
00003e01  __aeabi_dmul                         
00004b89  __aeabi_f2iz                         
00004cfd  __aeabi_f2uiz                        
00003eef  __aeabi_fadd                         
000045dd  __aeabi_fcmpeq                       
00004619  __aeabi_fcmpge                       
0000462d  __aeabi_fcmpgt                       
00004605  __aeabi_fcmple                       
000045f1  __aeabi_fcmplt                       
00004229  __aeabi_fdiv                         
00004111  __aeabi_fmul                         
00003ee5  __aeabi_fsub                         
00004dbd  __aeabi_i2d                          
00004a5d  __aeabi_i2f                          
00004227  __aeabi_idiv0                        
00005159  __aeabi_memclr                       
00005159  __aeabi_memclr4                      
00005159  __aeabi_memclr8                      
00005181  __aeabi_memcpy                       
00005181  __aeabi_memcpy4                      
00005181  __aeabi_memcpy8                      
00005131  __aeabi_memset                       
00005131  __aeabi_memset4                      
00005131  __aeabi_memset8                      
00004f91  __aeabi_ui2d                         
00004eb1  __aeabi_ui2f                         
000049e1  __aeabi_uidiv                        
000049e1  __aeabi_uidivmod                     
ffffffff  __binit__                            
00004b11  __cmpsf2                             
00003a25  __divdf3                             
00004229  __divsf3                             
00004b11  __eqsf2                              
00004b89  __fixsfsi                            
00004cfd  __fixunssfsi                         
00004dbd  __floatsidf                          
00004a5d  __floatsisf                          
00004f91  __floatunsidf                        
00004eb1  __floatunsisf                        
00004a99  __gesf2                              
00004a99  __gtsf2                              
00004b11  __lesf2                              
00004b11  __ltsf2                              
UNDEFED   __mpu_init                           
00003e01  __muldf3                             
00004b4d  __muldsi3                            
00004111  __mulsf3                             
00004b11  __nesf2                              
20207e00  __stack                              
20200000  __start___llvm_prf_bits              
20200000  __start___llvm_prf_cnts              
20200000  __stop___llvm_prf_bits               
20200000  __stop___llvm_prf_cnts               
00003ee5  __subsf3                             
00004421  __truncdfsf2                         
00004ed9  _c_int00_noargs                      
UNDEFED   _system_post_cinit                   
0000441d  _system_pre_init                     
0000518d  abort                                
202005a4  adc_max                              
202005a6  adc_min                              
ffffffff  binit                                
202005b8  buf_index                            
202005b9  buf_index_flag                       
202005ba  buf_index_flagx                      
202005bb  buf_indexx                           
202005a8  button                               
202005bc  ch_duan                              
202005bd  ch_kai                               
000008e9  chuanrao                             
202005aa  cnt                                  
202005ac  delay_tick                           
202005ae  duan_or_kai                          
202005be  duanlu1                              
202005bf  duanlu2                              
202005c0  duanlu3                              
202005c1  duanlu4                              
000000c1  duanlulength                         
000014ad  duanluplace                          
202005c2  fall                                 
202005c3  flag_saoduanlu                       
202005c4  flag_saolength                       
00004759  fourchoose1                          
202004b4  freq_xiezhen                         
202004b8  freq_xiezhen_cu                      
20200078  gAdcResult0                          
202000dc  gAdcResult1                          
20200140  gAdcResult2                          
202001a4  gAdcResult3                          
20200208  gAdcResult4                          
2020026c  gAdcResult5                          
202002d0  gAdcResult6                          
20200334  gAdcResult7                          
20200398  gAdcResult8                          
202003fc  gAdcResult9                          
20200000  gPWM_0Backup                         
202005c5  hist_idx                             
202005b0  i0                                   
202005b2  i1                                   
00000000  interruptVectors                     
00002945  jiaosun                              
202004c8  js                                   
20200580  jz                                   
00002d49  leixing                              
20200584  length                               
202004a0  length_history                       
202004bc  length_real                          
20200588  lengthjie                            
202004c0  loss                                 
2020058c  lx                                   
000024a9  main                                 
00004fb5  memccpy                              
00004075  memcpy                               
0000463f  memset                               
20200520  output_buff                          
202004c4  r                                    
00004bc1  sprintf                              
202005c6  testfirst_flag                       
20200460  uart_buffer                          
20200480  uart_bufferx                         
20200594  uart_data                            
20200590  uart_data1                           
202005c7  valid_count                          
202005b4  vpp                                  
202005b6  vpp_output1                          
00001a15  xianxudianzu                         
202005c8  xiezhen_flag                         
20200598  xishu                                
2020059c  xishu_k                              


GLOBAL SYMBOLS: SORTED BY Symbol Address 

address   name                                 
-------   ----                                 
00000000  __TI_ATRegion0_region_sz             
00000000  __TI_ATRegion0_src_addr              
00000000  __TI_ATRegion0_trg_addr              
00000000  __TI_ATRegion1_region_sz             
00000000  __TI_ATRegion1_src_addr              
00000000  __TI_ATRegion1_trg_addr              
00000000  __TI_ATRegion2_region_sz             
00000000  __TI_ATRegion2_src_addr              
00000000  __TI_ATRegion2_trg_addr              
00000000  __TI_static_base__                   
00000000  interruptVectors                     
000000c1  duanlulength                         
00000200  __STACK_SIZE                         
000008e9  chuanrao                             
00000efd  Test_min                             
000014ad  duanluplace                          
00001a15  xianxudianzu                         
00001f7d  AD9959_init                          
000024a9  main                                 
00002945  jiaosun                              
00002d49  leixing                              
00003135  AD9959_writeDataSlow                 
000033e1  __TI_printfi_minimal                 
00003665  UART2_IRQHandler                     
000037e9  AD9959_writeData                     
00003915  DL_Timer_initPWMMode                 
00003a25  __aeabi_ddiv                         
00003a25  __divdf3                             
00003b31  UserTask_loop                        
00003c29  DL_SYSCTL_configSYSPLL               
00003d15  UserTask_init                        
00003e01  __aeabi_dmul                         
00003e01  __muldf3                             
00003ee5  __aeabi_fsub                         
00003ee5  __subsf3                             
00003eef  __addsf3                             
00003eef  __aeabi_fadd                         
00003fbd  SYSCFG_DL_GPIO_init                  
00004075  memcpy                               
0000410f  ADC0_IRQHandler                      
0000410f  ADC1_IRQHandler                      
0000410f  AES_IRQHandler                       
0000410f  CANFD0_IRQHandler                    
0000410f  DAC0_IRQHandler                      
0000410f  DMA_IRQHandler                       
0000410f  Default_Handler                      
0000410f  GROUP0_IRQHandler                    
0000410f  GROUP1_IRQHandler                    
0000410f  HardFault_Handler                    
0000410f  I2C0_IRQHandler                      
0000410f  I2C1_IRQHandler                      
0000410f  NMI_Handler                          
0000410f  PendSV_Handler                       
0000410f  RTC_IRQHandler                       
0000410f  SPI0_IRQHandler                      
0000410f  SPI1_IRQHandler                      
0000410f  SVC_Handler                          
0000410f  TIMA0_IRQHandler                     
0000410f  TIMA1_IRQHandler                     
0000410f  TIMG0_IRQHandler                     
0000410f  TIMG12_IRQHandler                    
0000410f  TIMG6_IRQHandler                     
0000410f  TIMG7_IRQHandler                     
0000410f  TIMG8_IRQHandler                     
0000410f  UART1_IRQHandler                     
0000410f  UART3_IRQHandler                     
00004111  __aeabi_fmul                         
00004111  __mulsf3                             
0000419d  DDS_sweep                            
00004227  __aeabi_idiv0                        
00004229  __aeabi_fdiv                         
00004229  __divsf3                             
000042ad  SYSCFG_DL_ADC12_1_init               
0000432d  SYSCFG_DL_ADC12_0_init               
000043a5  __TI_decompress_lzss                 
0000441d  _system_pre_init                     
00004421  __aeabi_d2f                          
00004421  __truncdfsf2                         
00004495  SYSCFG_DL_UART_0_init                
00004505  SYSCFG_DL_UART_2_init                
00004575  SYSCFG_DL_SYSCTL_init                
000045dd  __aeabi_fcmpeq                       
000045f1  __aeabi_fcmplt                       
00004605  __aeabi_fcmple                       
00004619  __aeabi_fcmpge                       
0000462d  __aeabi_fcmpgt                       
0000463f  memset                               
000046a1  SYSCFG_DL_initPower                  
00004701  SYSCFG_DL_PWM_0_init                 
00004759  fourchoose1                          
000047ad  DL_ADC12_setClockConfig              
000047f9  DL_SYSCTL_switchMCLKfromSYSOSCtoHSCLK
00004845  DL_UART_init                         
00004891  Set_xiezhen                          
000048d9  Set_Saopin                           
0000491d  Set_Saopin_SFTP                      
00004961  AD9959_setFreq                       
000049a1  DL_Timer_setCaptureCompareOutCtl     
000049e1  __aeabi_uidiv                        
000049e1  __aeabi_uidivmod                     
00004a21  DL_Timer_setCaptureCompareCtl        
00004a5d  __aeabi_i2f                          
00004a5d  __floatsisf                          
00004a99  __gesf2                              
00004a99  __gtsf2                              
00004ad5  __TI_auto_init_nobinit_nopinit       
00004b11  __cmpsf2                             
00004b11  __eqsf2                              
00004b11  __lesf2                              
00004b11  __ltsf2                              
00004b11  __nesf2                              
00004b4d  __muldsi3                            
00004b89  __aeabi_f2iz                         
00004b89  __fixsfsi                            
00004bc1  sprintf                              
00004bf9  DL_Timer_setCaptCompUpdateMethod     
00004c2d  DL_Timer_setCaptureCompareAction     
00004c61  DL_Timer_setCaptureCompareInput      
00004c95  DL_Timer_setClockConfig              
00004cc9  SYSCFG_DL_init                       
00004cfd  __aeabi_f2uiz                        
00004cfd  __fixunssfsi                         
00004d31  SYSCFG_DL_SYSTICK_init               
00004d61  AD9959_setAmp                        
00004d91  DL_Timer_setCaptureCompareValue      
00004dbd  __aeabi_i2d                          
00004dbd  __floatsidf                          
00004e89  SysTick_Handler                      
00004eb1  __aeabi_ui2f                         
00004eb1  __floatunsisf                        
00004ed9  _c_int00_noargs                      
00004f01  AD9959_setPhase                      
00004f25  DDS_initSweep                        
00004f49  DL_UART_setClockConfig               
00004f6d  UART0_IRQHandler                     
00004f91  __aeabi_ui2d                         
00004f91  __floatunsidf                        
00004fb5  memccpy                              
00005019  Tick_delay                           
00005039  DDS_singleTone                       
00005059  AD9959_IOUpdate                      
000050d3  DL_Common_delayCycles                
000050fd  __TI_decompress_none                 
00005121  __TI_zero_init                       
00005131  __aeabi_memset                       
00005131  __aeabi_memset4                      
00005131  __aeabi_memset8                      
00005159  __aeabi_memclr                       
00005159  __aeabi_memclr4                      
00005159  __aeabi_memclr8                      
0000516f  DDS_init                             
00005177  DDS_update                           
00005181  __aeabi_memcpy                       
00005181  __aeabi_memcpy4                      
00005181  __aeabi_memcpy8                      
00005189  Reset_Handler                        
0000518c  C$$EXIT                              
0000518d  abort                                
00005380  __TI_Handler_Table_Base              
0000538c  __TI_Handler_Table_Limit             
00005394  __TI_CINIT_Base                      
000053a4  __TI_CINIT_Limit                     
000053a4  __TI_CINIT_Warm                      
20200000  __start___llvm_prf_bits              
20200000  __start___llvm_prf_cnts              
20200000  __stop___llvm_prf_bits               
20200000  __stop___llvm_prf_cnts               
20200000  gPWM_0Backup                         
20200078  gAdcResult0                          
202000dc  gAdcResult1                          
20200140  gAdcResult2                          
202001a4  gAdcResult3                          
20200208  gAdcResult4                          
2020026c  gAdcResult5                          
202002d0  gAdcResult6                          
20200334  gAdcResult7                          
20200398  gAdcResult8                          
202003fc  gAdcResult9                          
20200460  uart_buffer                          
20200480  uart_bufferx                         
202004a0  length_history                       
202004b4  freq_xiezhen                         
202004b8  freq_xiezhen_cu                      
202004bc  length_real                          
202004c0  loss                                 
202004c4  r                                    
202004c8  js                                   
202004cc  Sweep                                
20200520  output_buff                          
20200552  SweepTick                            
20200554  SingleTone                           
20200574  ACC_FRE_FACTOR                       
20200578  StepSet                              
2020057c  Tick                                 
20200580  jz                                   
20200584  length                               
20200588  lengthjie                            
2020058c  lx                                   
20200590  uart_data1                           
20200594  uart_data                            
20200598  xishu                                
2020059c  xishu_k                              
202005a0  FR1_DATA                             
202005a3  DDS_SWEEP_TIME                       
202005a4  adc_max                              
202005a6  adc_min                              
202005a8  button                               
202005aa  cnt                                  
202005ac  delay_tick                           
202005ae  duan_or_kai                          
202005b0  i0                                   
202005b2  i1                                   
202005b4  vpp                                  
202005b6  vpp_output1                          
202005b8  buf_index                            
202005b9  buf_index_flag                       
202005ba  buf_index_flagx                      
202005bb  buf_indexx                           
202005bc  ch_duan                              
202005bd  ch_kai                               
202005be  duanlu1                              
202005bf  duanlu2                              
202005c0  duanlu3                              
202005c1  duanlu4                              
202005c2  fall                                 
202005c3  flag_saoduanlu                       
202005c4  flag_saolength                       
202005c5  hist_idx                             
202005c6  testfirst_flag                       
202005c7  valid_count                          
202005c8  xiezhen_flag                         
20207e00  __stack                              
20208000  __STACK_END                          
ffffffff  __TI_pprof_out_hndl                  
ffffffff  __TI_prof_data_size                  
ffffffff  __TI_prof_data_start                 
ffffffff  __binit__                            
ffffffff  binit                                
UNDEFED   __mpu_init                           
UNDEFED   _system_post_cinit                   

[240 symbols]
